<?xml version="1.0" encoding="ISO-8859-1" ?>
<link_info>
   <banner>MSP430 Linker PC v21.6.1.LTS</banner>
   <copyright>Copyright (c) 2003-2018 Texas Instruments Incorporated</copyright>
   <link_time>0x6834325f</link_time>
   <link_errors>0x0</link_errors>
   <output_file>Morse Decoder.out</output_file>
   <entry_point>
      <name>_c_int00_noinit_noargs</name>
      <address>0xc350</address>
   </entry_point>
   <input_file_list>
      <input_file id="fl-2">
         <path>.\</path>
         <kind>object</kind>
         <file>lcd.obj</file>
         <name>lcd.obj</name>
      </input_file>
      <input_file id="fl-3">
         <path>.\</path>
         <kind>object</kind>
         <file>main.obj</file>
         <name>main.obj</name>
      </input_file>
      <input_file id="fl-4">
         <path>.\</path>
         <kind>object</kind>
         <file>system_pre_init.obj</file>
         <name>system_pre_init.obj</name>
      </input_file>
      <input_file id="fl-5">
         <path>.\GrLib\fonts\</path>
         <kind>object</kind>
         <file>fontcm12.obj</file>
         <name>fontcm12.obj</name>
      </input_file>
      <input_file id="fl-6">
         <path>.\GrLib\fonts\</path>
         <kind>object</kind>
         <file>fontcm12b.obj</file>
         <name>fontcm12b.obj</name>
      </input_file>
      <input_file id="fl-7">
         <path>.\GrLib\fonts\</path>
         <kind>object</kind>
         <file>fontcm12i.obj</file>
         <name>fontcm12i.obj</name>
      </input_file>
      <input_file id="fl-8">
         <path>.\GrLib\fonts\</path>
         <kind>object</kind>
         <file>fontcm14.obj</file>
         <name>fontcm14.obj</name>
      </input_file>
      <input_file id="fl-9">
         <path>.\GrLib\fonts\</path>
         <kind>object</kind>
         <file>fontcm14b.obj</file>
         <name>fontcm14b.obj</name>
      </input_file>
      <input_file id="fl-a">
         <path>.\GrLib\fonts\</path>
         <kind>object</kind>
         <file>fontcm14i.obj</file>
         <name>fontcm14i.obj</name>
      </input_file>
      <input_file id="fl-b">
         <path>.\GrLib\fonts\</path>
         <kind>object</kind>
         <file>fontcm16.obj</file>
         <name>fontcm16.obj</name>
      </input_file>
      <input_file id="fl-c">
         <path>.\GrLib\fonts\</path>
         <kind>object</kind>
         <file>fontcm16b.obj</file>
         <name>fontcm16b.obj</name>
      </input_file>
      <input_file id="fl-d">
         <path>.\GrLib\fonts\</path>
         <kind>object</kind>
         <file>fontcm16i.obj</file>
         <name>fontcm16i.obj</name>
      </input_file>
      <input_file id="fl-e">
         <path>.\GrLib\fonts\</path>
         <kind>object</kind>
         <file>fontcm18.obj</file>
         <name>fontcm18.obj</name>
      </input_file>
      <input_file id="fl-f">
         <path>.\GrLib\fonts\</path>
         <kind>object</kind>
         <file>fontcm18b.obj</file>
         <name>fontcm18b.obj</name>
      </input_file>
      <input_file id="fl-10">
         <path>.\GrLib\fonts\</path>
         <kind>object</kind>
         <file>fontcm18i.obj</file>
         <name>fontcm18i.obj</name>
      </input_file>
      <input_file id="fl-11">
         <path>.\GrLib\fonts\</path>
         <kind>object</kind>
         <file>fontcm20.obj</file>
         <name>fontcm20.obj</name>
      </input_file>
      <input_file id="fl-12">
         <path>.\GrLib\fonts\</path>
         <kind>object</kind>
         <file>fontcm20b.obj</file>
         <name>fontcm20b.obj</name>
      </input_file>
      <input_file id="fl-13">
         <path>.\GrLib\fonts\</path>
         <kind>object</kind>
         <file>fontcm20i.obj</file>
         <name>fontcm20i.obj</name>
      </input_file>
      <input_file id="fl-14">
         <path>.\GrLib\fonts\</path>
         <kind>object</kind>
         <file>fontcm22.obj</file>
         <name>fontcm22.obj</name>
      </input_file>
      <input_file id="fl-15">
         <path>.\GrLib\fonts\</path>
         <kind>object</kind>
         <file>fontcm22b.obj</file>
         <name>fontcm22b.obj</name>
      </input_file>
      <input_file id="fl-16">
         <path>.\GrLib\fonts\</path>
         <kind>object</kind>
         <file>fontcm22i.obj</file>
         <name>fontcm22i.obj</name>
      </input_file>
      <input_file id="fl-17">
         <path>.\GrLib\fonts\</path>
         <kind>object</kind>
         <file>fontcm24.obj</file>
         <name>fontcm24.obj</name>
      </input_file>
      <input_file id="fl-18">
         <path>.\GrLib\fonts\</path>
         <kind>object</kind>
         <file>fontcm24b.obj</file>
         <name>fontcm24b.obj</name>
      </input_file>
      <input_file id="fl-19">
         <path>.\GrLib\fonts\</path>
         <kind>object</kind>
         <file>fontcm24i.obj</file>
         <name>fontcm24i.obj</name>
      </input_file>
      <input_file id="fl-1a">
         <path>.\GrLib\fonts\</path>
         <kind>object</kind>
         <file>fontcm26.obj</file>
         <name>fontcm26.obj</name>
      </input_file>
      <input_file id="fl-1b">
         <path>.\GrLib\fonts\</path>
         <kind>object</kind>
         <file>fontcm26b.obj</file>
         <name>fontcm26b.obj</name>
      </input_file>
      <input_file id="fl-1c">
         <path>.\GrLib\fonts\</path>
         <kind>object</kind>
         <file>fontcm26i.obj</file>
         <name>fontcm26i.obj</name>
      </input_file>
      <input_file id="fl-1d">
         <path>.\GrLib\fonts\</path>
         <kind>object</kind>
         <file>fontcm28.obj</file>
         <name>fontcm28.obj</name>
      </input_file>
      <input_file id="fl-1e">
         <path>.\GrLib\fonts\</path>
         <kind>object</kind>
         <file>fontcm28b.obj</file>
         <name>fontcm28b.obj</name>
      </input_file>
      <input_file id="fl-1f">
         <path>.\GrLib\fonts\</path>
         <kind>object</kind>
         <file>fontcm28i.obj</file>
         <name>fontcm28i.obj</name>
      </input_file>
      <input_file id="fl-20">
         <path>.\GrLib\fonts\</path>
         <kind>object</kind>
         <file>fontcm30.obj</file>
         <name>fontcm30.obj</name>
      </input_file>
      <input_file id="fl-21">
         <path>.\GrLib\fonts\</path>
         <kind>object</kind>
         <file>fontcm30b.obj</file>
         <name>fontcm30b.obj</name>
      </input_file>
      <input_file id="fl-22">
         <path>.\GrLib\fonts\</path>
         <kind>object</kind>
         <file>fontcm30i.obj</file>
         <name>fontcm30i.obj</name>
      </input_file>
      <input_file id="fl-23">
         <path>.\GrLib\fonts\</path>
         <kind>object</kind>
         <file>fontcm32.obj</file>
         <name>fontcm32.obj</name>
      </input_file>
      <input_file id="fl-24">
         <path>.\GrLib\fonts\</path>
         <kind>object</kind>
         <file>fontcm32b.obj</file>
         <name>fontcm32b.obj</name>
      </input_file>
      <input_file id="fl-25">
         <path>.\GrLib\fonts\</path>
         <kind>object</kind>
         <file>fontcm32i.obj</file>
         <name>fontcm32i.obj</name>
      </input_file>
      <input_file id="fl-26">
         <path>.\GrLib\fonts\</path>
         <kind>object</kind>
         <file>fontcm34.obj</file>
         <name>fontcm34.obj</name>
      </input_file>
      <input_file id="fl-27">
         <path>.\GrLib\fonts\</path>
         <kind>object</kind>
         <file>fontcm34b.obj</file>
         <name>fontcm34b.obj</name>
      </input_file>
      <input_file id="fl-28">
         <path>.\GrLib\fonts\</path>
         <kind>object</kind>
         <file>fontcm34i.obj</file>
         <name>fontcm34i.obj</name>
      </input_file>
      <input_file id="fl-29">
         <path>.\GrLib\fonts\</path>
         <kind>object</kind>
         <file>fontcm36.obj</file>
         <name>fontcm36.obj</name>
      </input_file>
      <input_file id="fl-2a">
         <path>.\GrLib\fonts\</path>
         <kind>object</kind>
         <file>fontcm36b.obj</file>
         <name>fontcm36b.obj</name>
      </input_file>
      <input_file id="fl-2b">
         <path>.\GrLib\fonts\</path>
         <kind>object</kind>
         <file>fontcm36i.obj</file>
         <name>fontcm36i.obj</name>
      </input_file>
      <input_file id="fl-2c">
         <path>.\GrLib\fonts\</path>
         <kind>object</kind>
         <file>fontcm38.obj</file>
         <name>fontcm38.obj</name>
      </input_file>
      <input_file id="fl-2d">
         <path>.\GrLib\fonts\</path>
         <kind>object</kind>
         <file>fontcm38b.obj</file>
         <name>fontcm38b.obj</name>
      </input_file>
      <input_file id="fl-2e">
         <path>.\GrLib\fonts\</path>
         <kind>object</kind>
         <file>fontcm38i.obj</file>
         <name>fontcm38i.obj</name>
      </input_file>
      <input_file id="fl-2f">
         <path>.\GrLib\fonts\</path>
         <kind>object</kind>
         <file>fontcm40.obj</file>
         <name>fontcm40.obj</name>
      </input_file>
      <input_file id="fl-30">
         <path>.\GrLib\fonts\</path>
         <kind>object</kind>
         <file>fontcm40b.obj</file>
         <name>fontcm40b.obj</name>
      </input_file>
      <input_file id="fl-31">
         <path>.\GrLib\fonts\</path>
         <kind>object</kind>
         <file>fontcm40i.obj</file>
         <name>fontcm40i.obj</name>
      </input_file>
      <input_file id="fl-32">
         <path>.\GrLib\fonts\</path>
         <kind>object</kind>
         <file>fontcm42.obj</file>
         <name>fontcm42.obj</name>
      </input_file>
      <input_file id="fl-33">
         <path>.\GrLib\fonts\</path>
         <kind>object</kind>
         <file>fontcm42b.obj</file>
         <name>fontcm42b.obj</name>
      </input_file>
      <input_file id="fl-34">
         <path>.\GrLib\fonts\</path>
         <kind>object</kind>
         <file>fontcm42i.obj</file>
         <name>fontcm42i.obj</name>
      </input_file>
      <input_file id="fl-35">
         <path>.\GrLib\fonts\</path>
         <kind>object</kind>
         <file>fontcm44.obj</file>
         <name>fontcm44.obj</name>
      </input_file>
      <input_file id="fl-36">
         <path>.\GrLib\fonts\</path>
         <kind>object</kind>
         <file>fontcm44b.obj</file>
         <name>fontcm44b.obj</name>
      </input_file>
      <input_file id="fl-37">
         <path>.\GrLib\fonts\</path>
         <kind>object</kind>
         <file>fontcm44i.obj</file>
         <name>fontcm44i.obj</name>
      </input_file>
      <input_file id="fl-38">
         <path>.\GrLib\fonts\</path>
         <kind>object</kind>
         <file>fontcm46.obj</file>
         <name>fontcm46.obj</name>
      </input_file>
      <input_file id="fl-39">
         <path>.\GrLib\fonts\</path>
         <kind>object</kind>
         <file>fontcm46b.obj</file>
         <name>fontcm46b.obj</name>
      </input_file>
      <input_file id="fl-3a">
         <path>.\GrLib\fonts\</path>
         <kind>object</kind>
         <file>fontcm46i.obj</file>
         <name>fontcm46i.obj</name>
      </input_file>
      <input_file id="fl-3b">
         <path>.\GrLib\fonts\</path>
         <kind>object</kind>
         <file>fontcm48.obj</file>
         <name>fontcm48.obj</name>
      </input_file>
      <input_file id="fl-3c">
         <path>.\GrLib\fonts\</path>
         <kind>object</kind>
         <file>fontcm48b.obj</file>
         <name>fontcm48b.obj</name>
      </input_file>
      <input_file id="fl-3d">
         <path>.\GrLib\fonts\</path>
         <kind>object</kind>
         <file>fontcm48i.obj</file>
         <name>fontcm48i.obj</name>
      </input_file>
      <input_file id="fl-3e">
         <path>.\GrLib\fonts\</path>
         <kind>object</kind>
         <file>fontcmsc12.obj</file>
         <name>fontcmsc12.obj</name>
      </input_file>
      <input_file id="fl-3f">
         <path>.\GrLib\fonts\</path>
         <kind>object</kind>
         <file>fontcmsc14.obj</file>
         <name>fontcmsc14.obj</name>
      </input_file>
      <input_file id="fl-40">
         <path>.\GrLib\fonts\</path>
         <kind>object</kind>
         <file>fontcmsc16.obj</file>
         <name>fontcmsc16.obj</name>
      </input_file>
      <input_file id="fl-41">
         <path>.\GrLib\fonts\</path>
         <kind>object</kind>
         <file>fontcmsc18.obj</file>
         <name>fontcmsc18.obj</name>
      </input_file>
      <input_file id="fl-42">
         <path>.\GrLib\fonts\</path>
         <kind>object</kind>
         <file>fontcmsc20.obj</file>
         <name>fontcmsc20.obj</name>
      </input_file>
      <input_file id="fl-43">
         <path>.\GrLib\fonts\</path>
         <kind>object</kind>
         <file>fontcmsc22.obj</file>
         <name>fontcmsc22.obj</name>
      </input_file>
      <input_file id="fl-44">
         <path>.\GrLib\fonts\</path>
         <kind>object</kind>
         <file>fontcmsc24.obj</file>
         <name>fontcmsc24.obj</name>
      </input_file>
      <input_file id="fl-45">
         <path>.\GrLib\fonts\</path>
         <kind>object</kind>
         <file>fontcmsc26.obj</file>
         <name>fontcmsc26.obj</name>
      </input_file>
      <input_file id="fl-46">
         <path>.\GrLib\fonts\</path>
         <kind>object</kind>
         <file>fontcmsc28.obj</file>
         <name>fontcmsc28.obj</name>
      </input_file>
      <input_file id="fl-47">
         <path>.\GrLib\fonts\</path>
         <kind>object</kind>
         <file>fontcmsc30.obj</file>
         <name>fontcmsc30.obj</name>
      </input_file>
      <input_file id="fl-48">
         <path>.\GrLib\fonts\</path>
         <kind>object</kind>
         <file>fontcmsc32.obj</file>
         <name>fontcmsc32.obj</name>
      </input_file>
      <input_file id="fl-49">
         <path>.\GrLib\fonts\</path>
         <kind>object</kind>
         <file>fontcmsc34.obj</file>
         <name>fontcmsc34.obj</name>
      </input_file>
      <input_file id="fl-4a">
         <path>.\GrLib\fonts\</path>
         <kind>object</kind>
         <file>fontcmsc36.obj</file>
         <name>fontcmsc36.obj</name>
      </input_file>
      <input_file id="fl-4b">
         <path>.\GrLib\fonts\</path>
         <kind>object</kind>
         <file>fontcmsc38.obj</file>
         <name>fontcmsc38.obj</name>
      </input_file>
      <input_file id="fl-4c">
         <path>.\GrLib\fonts\</path>
         <kind>object</kind>
         <file>fontcmsc40.obj</file>
         <name>fontcmsc40.obj</name>
      </input_file>
      <input_file id="fl-4d">
         <path>.\GrLib\fonts\</path>
         <kind>object</kind>
         <file>fontcmsc42.obj</file>
         <name>fontcmsc42.obj</name>
      </input_file>
      <input_file id="fl-4e">
         <path>.\GrLib\fonts\</path>
         <kind>object</kind>
         <file>fontcmsc44.obj</file>
         <name>fontcmsc44.obj</name>
      </input_file>
      <input_file id="fl-4f">
         <path>.\GrLib\fonts\</path>
         <kind>object</kind>
         <file>fontcmsc46.obj</file>
         <name>fontcmsc46.obj</name>
      </input_file>
      <input_file id="fl-50">
         <path>.\GrLib\fonts\</path>
         <kind>object</kind>
         <file>fontcmsc48.obj</file>
         <name>fontcmsc48.obj</name>
      </input_file>
      <input_file id="fl-51">
         <path>.\GrLib\fonts\</path>
         <kind>object</kind>
         <file>fontcmss12.obj</file>
         <name>fontcmss12.obj</name>
      </input_file>
      <input_file id="fl-52">
         <path>.\GrLib\fonts\</path>
         <kind>object</kind>
         <file>fontcmss12b.obj</file>
         <name>fontcmss12b.obj</name>
      </input_file>
      <input_file id="fl-53">
         <path>.\GrLib\fonts\</path>
         <kind>object</kind>
         <file>fontcmss12i.obj</file>
         <name>fontcmss12i.obj</name>
      </input_file>
      <input_file id="fl-54">
         <path>.\GrLib\fonts\</path>
         <kind>object</kind>
         <file>fontcmss14.obj</file>
         <name>fontcmss14.obj</name>
      </input_file>
      <input_file id="fl-55">
         <path>.\GrLib\fonts\</path>
         <kind>object</kind>
         <file>fontcmss14b.obj</file>
         <name>fontcmss14b.obj</name>
      </input_file>
      <input_file id="fl-56">
         <path>.\GrLib\fonts\</path>
         <kind>object</kind>
         <file>fontcmss14i.obj</file>
         <name>fontcmss14i.obj</name>
      </input_file>
      <input_file id="fl-57">
         <path>.\GrLib\fonts\</path>
         <kind>object</kind>
         <file>fontcmss16.obj</file>
         <name>fontcmss16.obj</name>
      </input_file>
      <input_file id="fl-58">
         <path>.\GrLib\fonts\</path>
         <kind>object</kind>
         <file>fontcmss16b.obj</file>
         <name>fontcmss16b.obj</name>
      </input_file>
      <input_file id="fl-59">
         <path>.\GrLib\fonts\</path>
         <kind>object</kind>
         <file>fontcmss16i.obj</file>
         <name>fontcmss16i.obj</name>
      </input_file>
      <input_file id="fl-5a">
         <path>.\GrLib\fonts\</path>
         <kind>object</kind>
         <file>fontcmss18.obj</file>
         <name>fontcmss18.obj</name>
      </input_file>
      <input_file id="fl-5b">
         <path>.\GrLib\fonts\</path>
         <kind>object</kind>
         <file>fontcmss18b.obj</file>
         <name>fontcmss18b.obj</name>
      </input_file>
      <input_file id="fl-5c">
         <path>.\GrLib\fonts\</path>
         <kind>object</kind>
         <file>fontcmss18i.obj</file>
         <name>fontcmss18i.obj</name>
      </input_file>
      <input_file id="fl-5d">
         <path>.\GrLib\fonts\</path>
         <kind>object</kind>
         <file>fontcmss20.obj</file>
         <name>fontcmss20.obj</name>
      </input_file>
      <input_file id="fl-5e">
         <path>.\GrLib\fonts\</path>
         <kind>object</kind>
         <file>fontcmss20b.obj</file>
         <name>fontcmss20b.obj</name>
      </input_file>
      <input_file id="fl-5f">
         <path>.\GrLib\fonts\</path>
         <kind>object</kind>
         <file>fontcmss20i.obj</file>
         <name>fontcmss20i.obj</name>
      </input_file>
      <input_file id="fl-60">
         <path>.\GrLib\fonts\</path>
         <kind>object</kind>
         <file>fontcmss22.obj</file>
         <name>fontcmss22.obj</name>
      </input_file>
      <input_file id="fl-61">
         <path>.\GrLib\fonts\</path>
         <kind>object</kind>
         <file>fontcmss22b.obj</file>
         <name>fontcmss22b.obj</name>
      </input_file>
      <input_file id="fl-62">
         <path>.\GrLib\fonts\</path>
         <kind>object</kind>
         <file>fontcmss22i.obj</file>
         <name>fontcmss22i.obj</name>
      </input_file>
      <input_file id="fl-63">
         <path>.\GrLib\fonts\</path>
         <kind>object</kind>
         <file>fontcmss24.obj</file>
         <name>fontcmss24.obj</name>
      </input_file>
      <input_file id="fl-64">
         <path>.\GrLib\fonts\</path>
         <kind>object</kind>
         <file>fontcmss24b.obj</file>
         <name>fontcmss24b.obj</name>
      </input_file>
      <input_file id="fl-65">
         <path>.\GrLib\fonts\</path>
         <kind>object</kind>
         <file>fontcmss24i.obj</file>
         <name>fontcmss24i.obj</name>
      </input_file>
      <input_file id="fl-66">
         <path>.\GrLib\fonts\</path>
         <kind>object</kind>
         <file>fontcmss26.obj</file>
         <name>fontcmss26.obj</name>
      </input_file>
      <input_file id="fl-67">
         <path>.\GrLib\fonts\</path>
         <kind>object</kind>
         <file>fontcmss26b.obj</file>
         <name>fontcmss26b.obj</name>
      </input_file>
      <input_file id="fl-68">
         <path>.\GrLib\fonts\</path>
         <kind>object</kind>
         <file>fontcmss26i.obj</file>
         <name>fontcmss26i.obj</name>
      </input_file>
      <input_file id="fl-69">
         <path>.\GrLib\fonts\</path>
         <kind>object</kind>
         <file>fontcmss28.obj</file>
         <name>fontcmss28.obj</name>
      </input_file>
      <input_file id="fl-6a">
         <path>.\GrLib\fonts\</path>
         <kind>object</kind>
         <file>fontcmss28b.obj</file>
         <name>fontcmss28b.obj</name>
      </input_file>
      <input_file id="fl-6b">
         <path>.\GrLib\fonts\</path>
         <kind>object</kind>
         <file>fontcmss28i.obj</file>
         <name>fontcmss28i.obj</name>
      </input_file>
      <input_file id="fl-6c">
         <path>.\GrLib\fonts\</path>
         <kind>object</kind>
         <file>fontcmss30.obj</file>
         <name>fontcmss30.obj</name>
      </input_file>
      <input_file id="fl-6d">
         <path>.\GrLib\fonts\</path>
         <kind>object</kind>
         <file>fontcmss30b.obj</file>
         <name>fontcmss30b.obj</name>
      </input_file>
      <input_file id="fl-6e">
         <path>.\GrLib\fonts\</path>
         <kind>object</kind>
         <file>fontcmss30i.obj</file>
         <name>fontcmss30i.obj</name>
      </input_file>
      <input_file id="fl-6f">
         <path>.\GrLib\fonts\</path>
         <kind>object</kind>
         <file>fontcmss32.obj</file>
         <name>fontcmss32.obj</name>
      </input_file>
      <input_file id="fl-70">
         <path>.\GrLib\fonts\</path>
         <kind>object</kind>
         <file>fontcmss32b.obj</file>
         <name>fontcmss32b.obj</name>
      </input_file>
      <input_file id="fl-71">
         <path>.\GrLib\fonts\</path>
         <kind>object</kind>
         <file>fontcmss32i.obj</file>
         <name>fontcmss32i.obj</name>
      </input_file>
      <input_file id="fl-72">
         <path>.\GrLib\fonts\</path>
         <kind>object</kind>
         <file>fontcmss34.obj</file>
         <name>fontcmss34.obj</name>
      </input_file>
      <input_file id="fl-73">
         <path>.\GrLib\fonts\</path>
         <kind>object</kind>
         <file>fontcmss34b.obj</file>
         <name>fontcmss34b.obj</name>
      </input_file>
      <input_file id="fl-74">
         <path>.\GrLib\fonts\</path>
         <kind>object</kind>
         <file>fontcmss34i.obj</file>
         <name>fontcmss34i.obj</name>
      </input_file>
      <input_file id="fl-75">
         <path>.\GrLib\fonts\</path>
         <kind>object</kind>
         <file>fontcmss36.obj</file>
         <name>fontcmss36.obj</name>
      </input_file>
      <input_file id="fl-76">
         <path>.\GrLib\fonts\</path>
         <kind>object</kind>
         <file>fontcmss36b.obj</file>
         <name>fontcmss36b.obj</name>
      </input_file>
      <input_file id="fl-77">
         <path>.\GrLib\fonts\</path>
         <kind>object</kind>
         <file>fontcmss36i.obj</file>
         <name>fontcmss36i.obj</name>
      </input_file>
      <input_file id="fl-78">
         <path>.\GrLib\fonts\</path>
         <kind>object</kind>
         <file>fontcmss38.obj</file>
         <name>fontcmss38.obj</name>
      </input_file>
      <input_file id="fl-79">
         <path>.\GrLib\fonts\</path>
         <kind>object</kind>
         <file>fontcmss38b.obj</file>
         <name>fontcmss38b.obj</name>
      </input_file>
      <input_file id="fl-7a">
         <path>.\GrLib\fonts\</path>
         <kind>object</kind>
         <file>fontcmss38i.obj</file>
         <name>fontcmss38i.obj</name>
      </input_file>
      <input_file id="fl-7b">
         <path>.\GrLib\fonts\</path>
         <kind>object</kind>
         <file>fontcmss40.obj</file>
         <name>fontcmss40.obj</name>
      </input_file>
      <input_file id="fl-7c">
         <path>.\GrLib\fonts\</path>
         <kind>object</kind>
         <file>fontcmss40b.obj</file>
         <name>fontcmss40b.obj</name>
      </input_file>
      <input_file id="fl-7d">
         <path>.\GrLib\fonts\</path>
         <kind>object</kind>
         <file>fontcmss40i.obj</file>
         <name>fontcmss40i.obj</name>
      </input_file>
      <input_file id="fl-7e">
         <path>.\GrLib\fonts\</path>
         <kind>object</kind>
         <file>fontcmss42.obj</file>
         <name>fontcmss42.obj</name>
      </input_file>
      <input_file id="fl-7f">
         <path>.\GrLib\fonts\</path>
         <kind>object</kind>
         <file>fontcmss42b.obj</file>
         <name>fontcmss42b.obj</name>
      </input_file>
      <input_file id="fl-80">
         <path>.\GrLib\fonts\</path>
         <kind>object</kind>
         <file>fontcmss42i.obj</file>
         <name>fontcmss42i.obj</name>
      </input_file>
      <input_file id="fl-81">
         <path>.\GrLib\fonts\</path>
         <kind>object</kind>
         <file>fontcmss44.obj</file>
         <name>fontcmss44.obj</name>
      </input_file>
      <input_file id="fl-82">
         <path>.\GrLib\fonts\</path>
         <kind>object</kind>
         <file>fontcmss44b.obj</file>
         <name>fontcmss44b.obj</name>
      </input_file>
      <input_file id="fl-83">
         <path>.\GrLib\fonts\</path>
         <kind>object</kind>
         <file>fontcmss44i.obj</file>
         <name>fontcmss44i.obj</name>
      </input_file>
      <input_file id="fl-84">
         <path>.\GrLib\fonts\</path>
         <kind>object</kind>
         <file>fontcmss46.obj</file>
         <name>fontcmss46.obj</name>
      </input_file>
      <input_file id="fl-85">
         <path>.\GrLib\fonts\</path>
         <kind>object</kind>
         <file>fontcmss46b.obj</file>
         <name>fontcmss46b.obj</name>
      </input_file>
      <input_file id="fl-86">
         <path>.\GrLib\fonts\</path>
         <kind>object</kind>
         <file>fontcmss46i.obj</file>
         <name>fontcmss46i.obj</name>
      </input_file>
      <input_file id="fl-87">
         <path>.\GrLib\fonts\</path>
         <kind>object</kind>
         <file>fontcmss48.obj</file>
         <name>fontcmss48.obj</name>
      </input_file>
      <input_file id="fl-88">
         <path>.\GrLib\fonts\</path>
         <kind>object</kind>
         <file>fontcmss48b.obj</file>
         <name>fontcmss48b.obj</name>
      </input_file>
      <input_file id="fl-89">
         <path>.\GrLib\fonts\</path>
         <kind>object</kind>
         <file>fontcmss48i.obj</file>
         <name>fontcmss48i.obj</name>
      </input_file>
      <input_file id="fl-8a">
         <path>.\GrLib\fonts\</path>
         <kind>object</kind>
         <file>fontcmtt12.obj</file>
         <name>fontcmtt12.obj</name>
      </input_file>
      <input_file id="fl-8b">
         <path>.\GrLib\fonts\</path>
         <kind>object</kind>
         <file>fontcmtt14.obj</file>
         <name>fontcmtt14.obj</name>
      </input_file>
      <input_file id="fl-8c">
         <path>.\GrLib\fonts\</path>
         <kind>object</kind>
         <file>fontcmtt16.obj</file>
         <name>fontcmtt16.obj</name>
      </input_file>
      <input_file id="fl-8d">
         <path>.\GrLib\fonts\</path>
         <kind>object</kind>
         <file>fontcmtt18.obj</file>
         <name>fontcmtt18.obj</name>
      </input_file>
      <input_file id="fl-8e">
         <path>.\GrLib\fonts\</path>
         <kind>object</kind>
         <file>fontcmtt20.obj</file>
         <name>fontcmtt20.obj</name>
      </input_file>
      <input_file id="fl-8f">
         <path>.\GrLib\fonts\</path>
         <kind>object</kind>
         <file>fontcmtt22.obj</file>
         <name>fontcmtt22.obj</name>
      </input_file>
      <input_file id="fl-90">
         <path>.\GrLib\fonts\</path>
         <kind>object</kind>
         <file>fontcmtt24.obj</file>
         <name>fontcmtt24.obj</name>
      </input_file>
      <input_file id="fl-91">
         <path>.\GrLib\fonts\</path>
         <kind>object</kind>
         <file>fontcmtt26.obj</file>
         <name>fontcmtt26.obj</name>
      </input_file>
      <input_file id="fl-92">
         <path>.\GrLib\fonts\</path>
         <kind>object</kind>
         <file>fontcmtt28.obj</file>
         <name>fontcmtt28.obj</name>
      </input_file>
      <input_file id="fl-93">
         <path>.\GrLib\fonts\</path>
         <kind>object</kind>
         <file>fontcmtt30.obj</file>
         <name>fontcmtt30.obj</name>
      </input_file>
      <input_file id="fl-94">
         <path>.\GrLib\fonts\</path>
         <kind>object</kind>
         <file>fontcmtt32.obj</file>
         <name>fontcmtt32.obj</name>
      </input_file>
      <input_file id="fl-95">
         <path>.\GrLib\fonts\</path>
         <kind>object</kind>
         <file>fontcmtt34.obj</file>
         <name>fontcmtt34.obj</name>
      </input_file>
      <input_file id="fl-96">
         <path>.\GrLib\fonts\</path>
         <kind>object</kind>
         <file>fontcmtt36.obj</file>
         <name>fontcmtt36.obj</name>
      </input_file>
      <input_file id="fl-97">
         <path>.\GrLib\fonts\</path>
         <kind>object</kind>
         <file>fontcmtt38.obj</file>
         <name>fontcmtt38.obj</name>
      </input_file>
      <input_file id="fl-98">
         <path>.\GrLib\fonts\</path>
         <kind>object</kind>
         <file>fontcmtt40.obj</file>
         <name>fontcmtt40.obj</name>
      </input_file>
      <input_file id="fl-99">
         <path>.\GrLib\fonts\</path>
         <kind>object</kind>
         <file>fontcmtt42.obj</file>
         <name>fontcmtt42.obj</name>
      </input_file>
      <input_file id="fl-9a">
         <path>.\GrLib\fonts\</path>
         <kind>object</kind>
         <file>fontcmtt44.obj</file>
         <name>fontcmtt44.obj</name>
      </input_file>
      <input_file id="fl-9b">
         <path>.\GrLib\fonts\</path>
         <kind>object</kind>
         <file>fontcmtt46.obj</file>
         <name>fontcmtt46.obj</name>
      </input_file>
      <input_file id="fl-9c">
         <path>.\GrLib\fonts\</path>
         <kind>object</kind>
         <file>fontcmtt48.obj</file>
         <name>fontcmtt48.obj</name>
      </input_file>
      <input_file id="fl-9d">
         <path>.\GrLib\fonts\</path>
         <kind>object</kind>
         <file>fontfixed6x8.obj</file>
         <name>fontfixed6x8.obj</name>
      </input_file>
      <input_file id="fl-9e">
         <path>.\GrLib\grlib\</path>
         <kind>object</kind>
         <file>button.obj</file>
         <name>button.obj</name>
      </input_file>
      <input_file id="fl-9f">
         <path>.\GrLib\grlib\</path>
         <kind>object</kind>
         <file>checkbox.obj</file>
         <name>checkbox.obj</name>
      </input_file>
      <input_file id="fl-a0">
         <path>.\GrLib\grlib\</path>
         <kind>object</kind>
         <file>circle.obj</file>
         <name>circle.obj</name>
      </input_file>
      <input_file id="fl-a1">
         <path>.\GrLib\grlib\</path>
         <kind>object</kind>
         <file>context.obj</file>
         <name>context.obj</name>
      </input_file>
      <input_file id="fl-a2">
         <path>.\GrLib\grlib\</path>
         <kind>object</kind>
         <file>display.obj</file>
         <name>display.obj</name>
      </input_file>
      <input_file id="fl-a3">
         <path>.\GrLib\grlib\</path>
         <kind>object</kind>
         <file>image.obj</file>
         <name>image.obj</name>
      </input_file>
      <input_file id="fl-a4">
         <path>.\GrLib\grlib\</path>
         <kind>object</kind>
         <file>imageButton.obj</file>
         <name>imageButton.obj</name>
      </input_file>
      <input_file id="fl-a5">
         <path>.\GrLib\grlib\</path>
         <kind>object</kind>
         <file>line.obj</file>
         <name>line.obj</name>
      </input_file>
      <input_file id="fl-a6">
         <path>.\GrLib\grlib\</path>
         <kind>object</kind>
         <file>radioButton.obj</file>
         <name>radioButton.obj</name>
      </input_file>
      <input_file id="fl-a7">
         <path>.\GrLib\grlib\</path>
         <kind>object</kind>
         <file>rectangle.obj</file>
         <name>rectangle.obj</name>
      </input_file>
      <input_file id="fl-a8">
         <path>.\GrLib\grlib\</path>
         <kind>object</kind>
         <file>string.obj</file>
         <name>string.obj</name>
      </input_file>
      <input_file id="fl-a9">
         <path>.\Lcd_Driver\</path>
         <kind>object</kind>
         <file>Template_Driver.obj</file>
         <name>Template_Driver.obj</name>
      </input_file>
      <input_file id="fl-ae">
         <kind>object</kind>
         <file>&lt;internal&gt;</file>
         <name>&lt;internal&gt;</name>
      </input_file>
      <input_file id="fl-c4">
         <path>D:\ccs\tools\compiler\ti-cgt-msp430_21.6.1.LTS\lib\</path>
         <kind>archive</kind>
         <file>rts430_eabi.lib</file>
         <name>asr16.asm.obj</name>
      </input_file>
      <input_file id="fl-c5">
         <path>D:\ccs\tools\compiler\ti-cgt-msp430_21.6.1.LTS\lib\</path>
         <kind>archive</kind>
         <file>rts430_eabi.lib</file>
         <name>div16s.asm.obj</name>
      </input_file>
      <input_file id="fl-c6">
         <path>D:\ccs\tools\compiler\ti-cgt-msp430_21.6.1.LTS\lib\</path>
         <kind>archive</kind>
         <file>rts430_eabi.lib</file>
         <name>div16u.asm.obj</name>
      </input_file>
      <input_file id="fl-c7">
         <path>D:\ccs\tools\compiler\ti-cgt-msp430_21.6.1.LTS\lib\</path>
         <kind>archive</kind>
         <file>rts430_eabi.lib</file>
         <name>div32s.asm.obj</name>
      </input_file>
      <input_file id="fl-c8">
         <path>D:\ccs\tools\compiler\ti-cgt-msp430_21.6.1.LTS\lib\</path>
         <kind>archive</kind>
         <file>rts430_eabi.lib</file>
         <name>div32u.asm.obj</name>
      </input_file>
      <input_file id="fl-c9">
         <path>D:\ccs\tools\compiler\ti-cgt-msp430_21.6.1.LTS\lib\</path>
         <kind>archive</kind>
         <file>rts430_eabi.lib</file>
         <name>epilog.asm.obj</name>
      </input_file>
      <input_file id="fl-ca">
         <path>D:\ccs\tools\compiler\ti-cgt-msp430_21.6.1.LTS\lib\</path>
         <kind>archive</kind>
         <file>rts430_eabi.lib</file>
         <name>int00.asm.obj</name>
      </input_file>
      <input_file id="fl-cb">
         <path>D:\ccs\tools\compiler\ti-cgt-msp430_21.6.1.LTS\lib\</path>
         <kind>archive</kind>
         <file>rts430_eabi.lib</file>
         <name>int02.asm.obj</name>
      </input_file>
      <input_file id="fl-cc">
         <path>D:\ccs\tools\compiler\ti-cgt-msp430_21.6.1.LTS\lib\</path>
         <kind>archive</kind>
         <file>rts430_eabi.lib</file>
         <name>int03.asm.obj</name>
      </input_file>
      <input_file id="fl-cd">
         <path>D:\ccs\tools\compiler\ti-cgt-msp430_21.6.1.LTS\lib\</path>
         <kind>archive</kind>
         <file>rts430_eabi.lib</file>
         <name>int05.asm.obj</name>
      </input_file>
      <input_file id="fl-ce">
         <path>D:\ccs\tools\compiler\ti-cgt-msp430_21.6.1.LTS\lib\</path>
         <kind>archive</kind>
         <file>rts430_eabi.lib</file>
         <name>int06.asm.obj</name>
      </input_file>
      <input_file id="fl-cf">
         <path>D:\ccs\tools\compiler\ti-cgt-msp430_21.6.1.LTS\lib\</path>
         <kind>archive</kind>
         <file>rts430_eabi.lib</file>
         <name>int07.asm.obj</name>
      </input_file>
      <input_file id="fl-d0">
         <path>D:\ccs\tools\compiler\ti-cgt-msp430_21.6.1.LTS\lib\</path>
         <kind>archive</kind>
         <file>rts430_eabi.lib</file>
         <name>int08.asm.obj</name>
      </input_file>
      <input_file id="fl-d1">
         <path>D:\ccs\tools\compiler\ti-cgt-msp430_21.6.1.LTS\lib\</path>
         <kind>archive</kind>
         <file>rts430_eabi.lib</file>
         <name>int09.asm.obj</name>
      </input_file>
      <input_file id="fl-d2">
         <path>D:\ccs\tools\compiler\ti-cgt-msp430_21.6.1.LTS\lib\</path>
         <kind>archive</kind>
         <file>rts430_eabi.lib</file>
         <name>int10.asm.obj</name>
      </input_file>
      <input_file id="fl-d3">
         <path>D:\ccs\tools\compiler\ti-cgt-msp430_21.6.1.LTS\lib\</path>
         <kind>archive</kind>
         <file>rts430_eabi.lib</file>
         <name>int11.asm.obj</name>
      </input_file>
      <input_file id="fl-d4">
         <path>D:\ccs\tools\compiler\ti-cgt-msp430_21.6.1.LTS\lib\</path>
         <kind>archive</kind>
         <file>rts430_eabi.lib</file>
         <name>int12.asm.obj</name>
      </input_file>
      <input_file id="fl-d5">
         <path>D:\ccs\tools\compiler\ti-cgt-msp430_21.6.1.LTS\lib\</path>
         <kind>archive</kind>
         <file>rts430_eabi.lib</file>
         <name>int13.asm.obj</name>
      </input_file>
      <input_file id="fl-d6">
         <path>D:\ccs\tools\compiler\ti-cgt-msp430_21.6.1.LTS\lib\</path>
         <kind>archive</kind>
         <file>rts430_eabi.lib</file>
         <name>int14.asm.obj</name>
      </input_file>
      <input_file id="fl-d7">
         <path>D:\ccs\tools\compiler\ti-cgt-msp430_21.6.1.LTS\lib\</path>
         <kind>archive</kind>
         <file>rts430_eabi.lib</file>
         <name>isr_trap.asm.obj</name>
      </input_file>
      <input_file id="fl-d8">
         <path>D:\ccs\tools\compiler\ti-cgt-msp430_21.6.1.LTS\lib\</path>
         <kind>archive</kind>
         <file>rts430_eabi.lib</file>
         <name>lsl16.asm.obj</name>
      </input_file>
      <input_file id="fl-d9">
         <path>D:\ccs\tools\compiler\ti-cgt-msp430_21.6.1.LTS\lib\</path>
         <kind>archive</kind>
         <file>rts430_eabi.lib</file>
         <name>lsr16.asm.obj</name>
      </input_file>
      <input_file id="fl-da">
         <path>D:\ccs\tools\compiler\ti-cgt-msp430_21.6.1.LTS\lib\</path>
         <kind>archive</kind>
         <file>rts430_eabi.lib</file>
         <name>lsr32.asm.obj</name>
      </input_file>
      <input_file id="fl-db">
         <path>D:\ccs\tools\compiler\ti-cgt-msp430_21.6.1.LTS\lib\</path>
         <kind>archive</kind>
         <file>rts430_eabi.lib</file>
         <name>mult16.asm.obj</name>
      </input_file>
      <input_file id="fl-dc">
         <path>D:\ccs\tools\compiler\ti-cgt-msp430_21.6.1.LTS\lib\</path>
         <kind>archive</kind>
         <file>rts430_eabi.lib</file>
         <name>mult32.asm.obj</name>
      </input_file>
      <input_file id="fl-dd">
         <path>D:\ccs\tools\compiler\ti-cgt-msp430_21.6.1.LTS\lib\</path>
         <kind>archive</kind>
         <file>rts430_eabi.lib</file>
         <name>boot.c.obj</name>
      </input_file>
      <input_file id="fl-de">
         <path>D:\ccs\tools\compiler\ti-cgt-msp430_21.6.1.LTS\lib\</path>
         <kind>archive</kind>
         <file>rts430_eabi.lib</file>
         <name>autoinit.c.obj</name>
      </input_file>
      <input_file id="fl-df">
         <path>D:\ccs\tools\compiler\ti-cgt-msp430_21.6.1.LTS\lib\</path>
         <kind>archive</kind>
         <file>rts430_eabi.lib</file>
         <name>copy_zero_init.c.obj</name>
      </input_file>
      <input_file id="fl-e0">
         <path>D:\ccs\tools\compiler\ti-cgt-msp430_21.6.1.LTS\lib\</path>
         <kind>archive</kind>
         <file>rts430_eabi.lib</file>
         <name>cpy_tbl.c.obj</name>
      </input_file>
      <input_file id="fl-e1">
         <path>D:\ccs\tools\compiler\ti-cgt-msp430_21.6.1.LTS\lib\</path>
         <kind>archive</kind>
         <file>rts430_eabi.lib</file>
         <name>mpu_init.c.obj</name>
      </input_file>
      <input_file id="fl-e2">
         <path>D:\ccs\tools\compiler\ti-cgt-msp430_21.6.1.LTS\lib\</path>
         <kind>archive</kind>
         <file>rts430_eabi.lib</file>
         <name>startup.c.obj</name>
      </input_file>
      <input_file id="fl-e3">
         <path>D:\ccs\tools\compiler\ti-cgt-msp430_21.6.1.LTS\lib\</path>
         <kind>archive</kind>
         <file>rts430_eabi.lib</file>
         <name>copy_decompress_none.c.obj</name>
      </input_file>
      <input_file id="fl-e4">
         <path>D:\ccs\tools\compiler\ti-cgt-msp430_21.6.1.LTS\lib\</path>
         <kind>archive</kind>
         <file>rts430_eabi.lib</file>
         <name>copy_decompress_lzss.c.obj</name>
      </input_file>
      <input_file id="fl-e5">
         <path>D:\ccs\tools\compiler\ti-cgt-msp430_21.6.1.LTS\lib\</path>
         <kind>archive</kind>
         <file>rts430_eabi.lib</file>
         <name>exit.c.obj</name>
      </input_file>
      <input_file id="fl-e6">
         <path>D:\ccs\tools\compiler\ti-cgt-msp430_21.6.1.LTS\lib\</path>
         <kind>archive</kind>
         <file>rts430_eabi.lib</file>
         <name>_lock.c.obj</name>
      </input_file>
      <input_file id="fl-e7">
         <path>D:\ccs\tools\compiler\ti-cgt-msp430_21.6.1.LTS\lib\</path>
         <kind>archive</kind>
         <file>rts430_eabi.lib</file>
         <name>args_main.c.obj</name>
      </input_file>
      <input_file id="fl-e8">
         <path>D:\ccs\tools\compiler\ti-cgt-msp430_21.6.1.LTS\lib\</path>
         <kind>archive</kind>
         <file>rts430_eabi.lib</file>
         <name>memcpy.c.obj</name>
      </input_file>
      <input_file id="fl-e9">
         <path>D:\ccs\tools\compiler\ti-cgt-msp430_21.6.1.LTS\lib\</path>
         <kind>archive</kind>
         <file>rts430_eabi.lib</file>
         <name>memset.c.obj</name>
      </input_file>
      <input_file id="fl-ea">
         <path>D:\ccs\tools\compiler\ti-cgt-msp430_21.6.1.LTS\lib\</path>
         <kind>archive</kind>
         <file>rts430_eabi.lib</file>
         <name>strcmp.c.obj</name>
      </input_file>
      <input_file id="fl-eb">
         <path>D:\ccs\tools\compiler\ti-cgt-msp430_21.6.1.LTS\lib\</path>
         <kind>archive</kind>
         <file>rts430_eabi.lib</file>
         <name>exit_gvars.c.obj</name>
      </input_file>
   </input_file_list>
   <object_component_list>
      <object_component id="oc-b1">
         <name>.stack</name>
         <uninitialized>true</uninitialized>
         <run_address>0x3b0</run_address>
         <size>0x2</size>
         <input_file_ref idref="fl-dd"/>
      </object_component>
      <object_component id="oc-2d5">
         <name>.stack</name>
         <uninitialized>true</uninitialized>
         <run_address>0x3b0</run_address>
         <size>0x0</size>
      </object_component>
      <object_component id="oc-145">
         <name>.text:main</name>
         <load_address>0xc000</load_address>
         <run_address>0xc000</run_address>
         <size>0x186</size>
         <input_file_ref idref="fl-3"/>
      </object_component>
      <object_component id="oc-172">
         <name>.text:lcd_init</name>
         <load_address>0xc186</load_address>
         <run_address>0xc186</run_address>
         <size>0x8a</size>
         <input_file_ref idref="fl-2"/>
      </object_component>
      <object_component id="oc-1e3">
         <name>.text:nibble</name>
         <load_address>0xc210</load_address>
         <run_address>0xc210</run_address>
         <size>0x4c</size>
         <input_file_ref idref="fl-2"/>
      </object_component>
      <object_component id="oc-1e9">
         <name>.text:write8</name>
         <load_address>0xc25c</load_address>
         <run_address>0xc25c</run_address>
         <size>0x36</size>
         <input_file_ref idref="fl-2"/>
      </object_component>
      <object_component id="oc-197">
         <name>.text:morse_to_char</name>
         <load_address>0xc292</load_address>
         <run_address>0xc292</run_address>
         <size>0x32</size>
         <input_file_ref idref="fl-3"/>
      </object_component>
      <object_component id="oc-242">
         <name>.text</name>
         <load_address>0xc2c4</load_address>
         <run_address>0xc2c4</run_address>
         <size>0x2c</size>
         <input_file_ref idref="fl-c4"/>
      </object_component>
      <object_component id="oc-178">
         <name>.text:lcd_clear</name>
         <load_address>0xc2f0</load_address>
         <run_address>0xc2f0</run_address>
         <size>0x18</size>
         <input_file_ref idref="fl-2"/>
      </object_component>
      <object_component id="oc-185">
         <name>.text:lcd_print</name>
         <load_address>0xc308</load_address>
         <run_address>0xc308</run_address>
         <size>0x18</size>
         <input_file_ref idref="fl-2"/>
      </object_component>
      <object_component id="oc-17e">
         <name>.text:lcd_set_cursor</name>
         <load_address>0xc320</load_address>
         <run_address>0xc320</run_address>
         <size>0x18</size>
         <input_file_ref idref="fl-2"/>
      </object_component>
      <object_component id="oc-1fa">
         <name>.text:strcmp</name>
         <load_address>0xc338</load_address>
         <run_address>0xc338</run_address>
         <size>0x18</size>
         <input_file_ref idref="fl-ea"/>
      </object_component>
      <object_component id="oc-ed">
         <name>.text:_c_int00_noinit_noargs</name>
         <load_address>0xc350</load_address>
         <run_address>0xc350</run_address>
         <size>0x14</size>
         <input_file_ref idref="fl-dd"/>
      </object_component>
      <object_component id="oc-18b">
         <name>.text:memset</name>
         <load_address>0xc364</load_address>
         <run_address>0xc364</run_address>
         <size>0x14</size>
         <input_file_ref idref="fl-e9"/>
      </object_component>
      <object_component id="oc-bf">
         <name>.text</name>
         <load_address>0xc378</load_address>
         <run_address>0xc378</run_address>
         <size>0x10</size>
         <input_file_ref idref="fl-c9"/>
      </object_component>
      <object_component id="oc-13f">
         <name>.text:_system_pre_init</name>
         <load_address>0xc388</load_address>
         <run_address>0xc388</run_address>
         <size>0xa</size>
         <input_file_ref idref="fl-4"/>
      </object_component>
      <object_component id="oc-dc">
         <name>.text:_isr:__TI_ISR_TRAP</name>
         <load_address>0xc392</load_address>
         <run_address>0xc392</run_address>
         <size>0x8</size>
         <input_file_ref idref="fl-d7"/>
      </object_component>
      <object_component id="oc-19f">
         <name>.text:abort</name>
         <load_address>0xc39a</load_address>
         <run_address>0xc39a</run_address>
         <size>0x6</size>
         <input_file_ref idref="fl-e5"/>
      </object_component>
      <object_component id="oc-191">
         <name>.text:lcd_putc</name>
         <load_address>0xc3a0</load_address>
         <run_address>0xc3a0</run_address>
         <size>0x6</size>
         <input_file_ref idref="fl-2"/>
      </object_component>
      <object_component id="oc-2d4">
         <name>__TI_cinit_table</name>
         <load_address>0xc000</load_address>
         <run_address>0xc000</run_address>
         <size>0x0</size>
      </object_component>
      <object_component id="oc-184">
         <name>.const:.string</name>
         <load_address>0xc3a6</load_address>
         <run_address>0xc3a6</run_address>
         <size>0xce</size>
         <input_file_ref idref="fl-3"/>
      </object_component>
      <object_component id="oc-1f7">
         <name>.const:morseTable</name>
         <load_address>0xc474</load_address>
         <run_address>0xc474</run_address>
         <size>0x94</size>
         <input_file_ref idref="fl-3"/>
      </object_component>
      <object_component id="oc-295">
         <name>.binit</name>
         <load_address>0xc000</load_address>
         <run_address>0xc000</run_address>
         <size>0x0</size>
      </object_component>
      <object_component id="oc-40">
         <name>.int00</name>
         <load_address>0xffe0</load_address>
         <run_address>0xffe0</run_address>
         <size>0x2</size>
         <input_file_ref idref="fl-ca"/>
      </object_component>
      <object_component id="oc-41">
         <name>.int02</name>
         <load_address>0xffe4</load_address>
         <run_address>0xffe4</run_address>
         <size>0x2</size>
         <input_file_ref idref="fl-cb"/>
      </object_component>
      <object_component id="oc-42">
         <name>.int03</name>
         <load_address>0xffe6</load_address>
         <run_address>0xffe6</run_address>
         <size>0x2</size>
         <input_file_ref idref="fl-cc"/>
      </object_component>
      <object_component id="oc-43">
         <name>.int05</name>
         <load_address>0xffea</load_address>
         <run_address>0xffea</run_address>
         <size>0x2</size>
         <input_file_ref idref="fl-cd"/>
      </object_component>
      <object_component id="oc-44">
         <name>.int06</name>
         <load_address>0xffec</load_address>
         <run_address>0xffec</run_address>
         <size>0x2</size>
         <input_file_ref idref="fl-ce"/>
      </object_component>
      <object_component id="oc-45">
         <name>.int07</name>
         <load_address>0xffee</load_address>
         <run_address>0xffee</run_address>
         <size>0x2</size>
         <input_file_ref idref="fl-cf"/>
      </object_component>
      <object_component id="oc-46">
         <name>.int08</name>
         <load_address>0xfff0</load_address>
         <run_address>0xfff0</run_address>
         <size>0x2</size>
         <input_file_ref idref="fl-d0"/>
      </object_component>
      <object_component id="oc-47">
         <name>.int09</name>
         <load_address>0xfff2</load_address>
         <run_address>0xfff2</run_address>
         <size>0x2</size>
         <input_file_ref idref="fl-d1"/>
      </object_component>
      <object_component id="oc-48">
         <name>.int10</name>
         <load_address>0xfff4</load_address>
         <run_address>0xfff4</run_address>
         <size>0x2</size>
         <input_file_ref idref="fl-d2"/>
      </object_component>
      <object_component id="oc-49">
         <name>.int11</name>
         <load_address>0xfff6</load_address>
         <run_address>0xfff6</run_address>
         <size>0x2</size>
         <input_file_ref idref="fl-d3"/>
      </object_component>
      <object_component id="oc-4a">
         <name>.int12</name>
         <load_address>0xfff8</load_address>
         <run_address>0xfff8</run_address>
         <size>0x2</size>
         <input_file_ref idref="fl-d4"/>
      </object_component>
      <object_component id="oc-4b">
         <name>.int13</name>
         <load_address>0xfffa</load_address>
         <run_address>0xfffa</run_address>
         <size>0x2</size>
         <input_file_ref idref="fl-d5"/>
      </object_component>
      <object_component id="oc-4c">
         <name>.int14</name>
         <load_address>0xfffc</load_address>
         <run_address>0xfffc</run_address>
         <size>0x2</size>
         <input_file_ref idref="fl-d6"/>
      </object_component>
      <object_component id="oc-b4">
         <name>.reset</name>
         <load_address>0xfffe</load_address>
         <run_address>0xfffe</run_address>
         <size>0x2</size>
         <input_file_ref idref="fl-dd"/>
      </object_component>
      <object_component id="oc-1f2">
         <name>.debug_info</name>
         <load_address>0x0</load_address>
         <run_address>0x0</run_address>
         <size>0x168</size>
         <input_file_ref idref="fl-2"/>
      </object_component>
      <object_component id="oc-1e4">
         <name>.debug_info</name>
         <load_address>0x168</load_address>
         <run_address>0x168</run_address>
         <size>0x10d</size>
         <input_file_ref idref="fl-2"/>
      </object_component>
      <object_component id="oc-1ea">
         <name>.debug_info</name>
         <load_address>0x275</load_address>
         <run_address>0x275</run_address>
         <size>0x14e</size>
         <input_file_ref idref="fl-2"/>
      </object_component>
      <object_component id="oc-17f">
         <name>.debug_info</name>
         <load_address>0x3c3</load_address>
         <run_address>0x3c3</run_address>
         <size>0x14c</size>
         <input_file_ref idref="fl-2"/>
      </object_component>
      <object_component id="oc-192">
         <name>.debug_info</name>
         <load_address>0x50f</load_address>
         <run_address>0x50f</run_address>
         <size>0x10f</size>
         <input_file_ref idref="fl-2"/>
      </object_component>
      <object_component id="oc-187">
         <name>.debug_info</name>
         <load_address>0x61e</load_address>
         <run_address>0x61e</run_address>
         <size>0x12c</size>
         <input_file_ref idref="fl-2"/>
      </object_component>
      <object_component id="oc-173">
         <name>.debug_info</name>
         <load_address>0x74a</load_address>
         <run_address>0x74a</run_address>
         <size>0x164</size>
         <input_file_ref idref="fl-2"/>
      </object_component>
      <object_component id="oc-179">
         <name>.debug_info</name>
         <load_address>0x8ae</load_address>
         <run_address>0x8ae</run_address>
         <size>0x10b</size>
         <input_file_ref idref="fl-2"/>
      </object_component>
      <object_component id="oc-ca">
         <name>.debug_info</name>
         <load_address>0x9b9</load_address>
         <run_address>0x9b9</run_address>
         <size>0x84</size>
         <input_file_ref idref="fl-2"/>
      </object_component>
      <object_component id="oc-19e">
         <name>.debug_info</name>
         <load_address>0xa3d</load_address>
         <run_address>0xa3d</run_address>
         <size>0x352</size>
         <input_file_ref idref="fl-3"/>
      </object_component>
      <object_component id="oc-1f8">
         <name>.debug_info</name>
         <load_address>0xd8f</load_address>
         <run_address>0xd8f</run_address>
         <size>0xd9</size>
         <input_file_ref idref="fl-3"/>
      </object_component>
      <object_component id="oc-19a">
         <name>.debug_info</name>
         <load_address>0xe68</load_address>
         <run_address>0xe68</run_address>
         <size>0x142</size>
         <input_file_ref idref="fl-3"/>
      </object_component>
      <object_component id="oc-148">
         <name>.debug_info</name>
         <load_address>0xfaa</load_address>
         <run_address>0xfaa</run_address>
         <size>0x268</size>
         <input_file_ref idref="fl-3"/>
      </object_component>
      <object_component id="oc-203">
         <name>.debug_info</name>
         <load_address>0x1212</load_address>
         <run_address>0x1212</run_address>
         <size>0x5e</size>
         <input_file_ref idref="fl-3"/>
      </object_component>
      <object_component id="oc-12a">
         <name>.debug_info</name>
         <load_address>0x1270</load_address>
         <run_address>0x1270</run_address>
         <size>0x2c</size>
         <input_file_ref idref="fl-3"/>
      </object_component>
      <object_component id="oc-208">
         <name>.debug_info</name>
         <load_address>0x129c</load_address>
         <run_address>0x129c</run_address>
         <size>0x35</size>
         <input_file_ref idref="fl-3"/>
      </object_component>
      <object_component id="oc-240">
         <name>.debug_info</name>
         <load_address>0x12d1</load_address>
         <run_address>0x12d1</run_address>
         <size>0x161</size>
         <input_file_ref idref="fl-4"/>
      </object_component>
      <object_component id="oc-140">
         <name>.debug_info</name>
         <load_address>0x1432</load_address>
         <run_address>0x1432</run_address>
         <size>0x134</size>
         <input_file_ref idref="fl-4"/>
      </object_component>
      <object_component id="oc-27f">
         <name>.debug_info</name>
         <load_address>0x1566</load_address>
         <run_address>0x1566</run_address>
         <size>0x26b</size>
         <input_file_ref idref="fl-4"/>
      </object_component>
      <object_component id="oc-1de">
         <name>.debug_info</name>
         <load_address>0x17d1</load_address>
         <run_address>0x17d1</run_address>
         <size>0x282</size>
         <input_file_ref idref="fl-4"/>
      </object_component>
      <object_component id="oc-16d">
         <name>.debug_info</name>
         <load_address>0x1a53</load_address>
         <run_address>0x1a53</run_address>
         <size>0xbb</size>
         <input_file_ref idref="fl-4"/>
      </object_component>
      <object_component id="oc-243">
         <name>.debug_info</name>
         <load_address>0x1b0e</load_address>
         <run_address>0x1b0e</run_address>
         <size>0x120</size>
         <input_file_ref idref="fl-c4"/>
      </object_component>
      <object_component id="oc-c2">
         <name>.debug_info</name>
         <load_address>0x1c2e</load_address>
         <run_address>0x1c2e</run_address>
         <size>0x12e</size>
         <input_file_ref idref="fl-c9"/>
      </object_component>
      <object_component id="oc-dd">
         <name>.debug_info</name>
         <load_address>0x1d5c</load_address>
         <run_address>0x1d5c</run_address>
         <size>0x10f</size>
         <input_file_ref idref="fl-d7"/>
      </object_component>
      <object_component id="oc-b2">
         <name>.debug_info</name>
         <load_address>0x1e6b</load_address>
         <run_address>0x1e6b</run_address>
         <size>0x100</size>
         <input_file_ref idref="fl-dd"/>
      </object_component>
      <object_component id="oc-f0">
         <name>.debug_info</name>
         <load_address>0x1f6b</load_address>
         <run_address>0x1f6b</run_address>
         <size>0x177</size>
         <input_file_ref idref="fl-dd"/>
      </object_component>
      <object_component id="oc-1a0">
         <name>.debug_info</name>
         <load_address>0x20e2</load_address>
         <run_address>0x20e2</run_address>
         <size>0x122</size>
         <input_file_ref idref="fl-e5"/>
      </object_component>
      <object_component id="oc-1f5">
         <name>.debug_info</name>
         <load_address>0x2204</load_address>
         <run_address>0x2204</run_address>
         <size>0x16d</size>
         <input_file_ref idref="fl-e9"/>
      </object_component>
      <object_component id="oc-18c">
         <name>.debug_info</name>
         <load_address>0x2371</load_address>
         <run_address>0x2371</run_address>
         <size>0x275</size>
         <input_file_ref idref="fl-e9"/>
      </object_component>
      <object_component id="oc-24f">
         <name>.debug_info</name>
         <load_address>0x25e6</load_address>
         <run_address>0x25e6</run_address>
         <size>0x162</size>
         <input_file_ref idref="fl-ea"/>
      </object_component>
      <object_component id="oc-1fb">
         <name>.debug_info</name>
         <load_address>0x2748</load_address>
         <run_address>0x2748</run_address>
         <size>0x273</size>
         <input_file_ref idref="fl-ea"/>
      </object_component>
      <object_component id="oc-2d6">
         <name>.debug_info</name>
         <load_address>0x29bb</load_address>
         <run_address>0x29bb</run_address>
         <size>0xa4</size>
      </object_component>
      <object_component id="oc-249">
         <name>.debug_line</name>
         <load_address>0x0</load_address>
         <run_address>0x0</run_address>
         <size>0x50</size>
         <input_file_ref idref="fl-2"/>
      </object_component>
      <object_component id="oc-1e7">
         <name>.debug_line</name>
         <load_address>0x50</load_address>
         <run_address>0x50</run_address>
         <size>0x5e</size>
         <input_file_ref idref="fl-2"/>
      </object_component>
      <object_component id="oc-1ed">
         <name>.debug_line</name>
         <load_address>0xae</load_address>
         <run_address>0xae</run_address>
         <size>0x4f</size>
         <input_file_ref idref="fl-2"/>
      </object_component>
      <object_component id="oc-182">
         <name>.debug_line</name>
         <load_address>0xfd</load_address>
         <run_address>0xfd</run_address>
         <size>0x3f</size>
         <input_file_ref idref="fl-2"/>
      </object_component>
      <object_component id="oc-196">
         <name>.debug_line</name>
         <load_address>0x13c</load_address>
         <run_address>0x13c</run_address>
         <size>0x3c</size>
         <input_file_ref idref="fl-2"/>
      </object_component>
      <object_component id="oc-18a">
         <name>.debug_line</name>
         <load_address>0x178</load_address>
         <run_address>0x178</run_address>
         <size>0x47</size>
         <input_file_ref idref="fl-2"/>
      </object_component>
      <object_component id="oc-177">
         <name>.debug_line</name>
         <load_address>0x1bf</load_address>
         <run_address>0x1bf</run_address>
         <size>0x58</size>
         <input_file_ref idref="fl-2"/>
      </object_component>
      <object_component id="oc-17c">
         <name>.debug_line</name>
         <load_address>0x217</load_address>
         <run_address>0x217</run_address>
         <size>0x3d</size>
         <input_file_ref idref="fl-2"/>
      </object_component>
      <object_component id="oc-cd">
         <name>.debug_line</name>
         <load_address>0x254</load_address>
         <run_address>0x254</run_address>
         <size>0x20</size>
         <input_file_ref idref="fl-2"/>
      </object_component>
      <object_component id="oc-202">
         <name>.debug_line</name>
         <load_address>0x274</load_address>
         <run_address>0x274</run_address>
         <size>0x9f</size>
         <input_file_ref idref="fl-3"/>
      </object_component>
      <object_component id="oc-24d">
         <name>.debug_line</name>
         <load_address>0x313</load_address>
         <run_address>0x313</run_address>
         <size>0x2d</size>
         <input_file_ref idref="fl-3"/>
      </object_component>
      <object_component id="oc-19c">
         <name>.debug_line</name>
         <load_address>0x340</load_address>
         <run_address>0x340</run_address>
         <size>0x49</size>
         <input_file_ref idref="fl-3"/>
      </object_component>
      <object_component id="oc-147">
         <name>.debug_line</name>
         <load_address>0x389</load_address>
         <run_address>0x389</run_address>
         <size>0xdc</size>
         <input_file_ref idref="fl-3"/>
      </object_component>
      <object_component id="oc-206">
         <name>.debug_line</name>
         <load_address>0x465</load_address>
         <run_address>0x465</run_address>
         <size>0x2d</size>
         <input_file_ref idref="fl-3"/>
      </object_component>
      <object_component id="oc-12d">
         <name>.debug_line</name>
         <load_address>0x492</load_address>
         <run_address>0x492</run_address>
         <size>0x63</size>
         <input_file_ref idref="fl-3"/>
      </object_component>
      <object_component id="oc-20b">
         <name>.debug_line</name>
         <load_address>0x4f5</load_address>
         <run_address>0x4f5</run_address>
         <size>0x6c</size>
         <input_file_ref idref="fl-3"/>
      </object_component>
      <object_component id="oc-27e">
         <name>.debug_line</name>
         <load_address>0x561</load_address>
         <run_address>0x561</run_address>
         <size>0x50</size>
         <input_file_ref idref="fl-4"/>
      </object_component>
      <object_component id="oc-144">
         <name>.debug_line</name>
         <load_address>0x5b1</load_address>
         <run_address>0x5b1</run_address>
         <size>0x49</size>
         <input_file_ref idref="fl-4"/>
      </object_component>
      <object_component id="oc-282">
         <name>.debug_line</name>
         <load_address>0x5fa</load_address>
         <run_address>0x5fa</run_address>
         <size>0x67</size>
         <input_file_ref idref="fl-4"/>
      </object_component>
      <object_component id="oc-1e1">
         <name>.debug_line</name>
         <load_address>0x661</load_address>
         <run_address>0x661</run_address>
         <size>0x6b</size>
         <input_file_ref idref="fl-4"/>
      </object_component>
      <object_component id="oc-170">
         <name>.debug_line</name>
         <load_address>0x6cc</load_address>
         <run_address>0x6cc</run_address>
         <size>0x68</size>
         <input_file_ref idref="fl-4"/>
      </object_component>
      <object_component id="oc-246">
         <name>.debug_line</name>
         <load_address>0x734</load_address>
         <run_address>0x734</run_address>
         <size>0x4e</size>
         <input_file_ref idref="fl-c4"/>
      </object_component>
      <object_component id="oc-c0">
         <name>.debug_line</name>
         <load_address>0x782</load_address>
         <run_address>0x782</run_address>
         <size>0x40</size>
         <input_file_ref idref="fl-c9"/>
      </object_component>
      <object_component id="oc-e0">
         <name>.debug_line</name>
         <load_address>0x7c2</load_address>
         <run_address>0x7c2</run_address>
         <size>0x3d</size>
         <input_file_ref idref="fl-d7"/>
      </object_component>
      <object_component id="oc-11e">
         <name>.debug_line</name>
         <load_address>0x7ff</load_address>
         <run_address>0x7ff</run_address>
         <size>0x2a</size>
         <input_file_ref idref="fl-dd"/>
      </object_component>
      <object_component id="oc-ef">
         <name>.debug_line</name>
         <load_address>0x829</load_address>
         <run_address>0x829</run_address>
         <size>0x43</size>
         <input_file_ref idref="fl-dd"/>
      </object_component>
      <object_component id="oc-1a3">
         <name>.debug_line</name>
         <load_address>0x86c</load_address>
         <run_address>0x86c</run_address>
         <size>0x3d</size>
         <input_file_ref idref="fl-e5"/>
      </object_component>
      <object_component id="oc-24b">
         <name>.debug_line</name>
         <load_address>0x8a9</load_address>
         <run_address>0x8a9</run_address>
         <size>0x20</size>
         <input_file_ref idref="fl-e9"/>
      </object_component>
      <object_component id="oc-190">
         <name>.debug_line</name>
         <load_address>0x8c9</load_address>
         <run_address>0x8c9</run_address>
         <size>0xab</size>
         <input_file_ref idref="fl-e9"/>
      </object_component>
      <object_component id="oc-286">
         <name>.debug_line</name>
         <load_address>0x974</load_address>
         <run_address>0x974</run_address>
         <size>0x20</size>
         <input_file_ref idref="fl-ea"/>
      </object_component>
      <object_component id="oc-1fe">
         <name>.debug_line</name>
         <load_address>0x994</load_address>
         <run_address>0x994</run_address>
         <size>0xaf</size>
         <input_file_ref idref="fl-ea"/>
      </object_component>
      <object_component id="oc-1e8">
         <name>.debug_frame</name>
         <load_address>0x0</load_address>
         <run_address>0x0</run_address>
         <size>0x3c</size>
         <input_file_ref idref="fl-2"/>
      </object_component>
      <object_component id="oc-1ee">
         <name>.debug_frame</name>
         <load_address>0x3c</load_address>
         <run_address>0x3c</run_address>
         <size>0x3c</size>
         <input_file_ref idref="fl-2"/>
      </object_component>
      <object_component id="oc-183">
         <name>.debug_frame</name>
         <load_address>0x78</load_address>
         <run_address>0x78</run_address>
         <size>0x3c</size>
         <input_file_ref idref="fl-2"/>
      </object_component>
      <object_component id="oc-195">
         <name>.debug_frame</name>
         <load_address>0xb4</load_address>
         <run_address>0xb4</run_address>
         <size>0x3c</size>
         <input_file_ref idref="fl-2"/>
      </object_component>
      <object_component id="oc-186">
         <name>.debug_frame</name>
         <load_address>0xf0</load_address>
         <run_address>0xf0</run_address>
         <size>0x3c</size>
         <input_file_ref idref="fl-2"/>
      </object_component>
      <object_component id="oc-176">
         <name>.debug_frame</name>
         <load_address>0x12c</load_address>
         <run_address>0x12c</run_address>
         <size>0x40</size>
         <input_file_ref idref="fl-2"/>
      </object_component>
      <object_component id="oc-17d">
         <name>.debug_frame</name>
         <load_address>0x16c</load_address>
         <run_address>0x16c</run_address>
         <size>0x3c</size>
         <input_file_ref idref="fl-2"/>
      </object_component>
      <object_component id="oc-198">
         <name>.debug_frame</name>
         <load_address>0x1a8</load_address>
         <run_address>0x1a8</run_address>
         <size>0x4c</size>
         <input_file_ref idref="fl-3"/>
      </object_component>
      <object_component id="oc-14a">
         <name>.debug_frame</name>
         <load_address>0x1f4</load_address>
         <run_address>0x1f4</run_address>
         <size>0x60</size>
         <input_file_ref idref="fl-3"/>
      </object_component>
      <object_component id="oc-143">
         <name>.debug_frame</name>
         <load_address>0x254</load_address>
         <run_address>0x254</run_address>
         <size>0x3c</size>
         <input_file_ref idref="fl-4"/>
      </object_component>
      <object_component id="oc-ee">
         <name>.debug_frame</name>
         <load_address>0x290</load_address>
         <run_address>0x290</run_address>
         <size>0x34</size>
         <input_file_ref idref="fl-dd"/>
      </object_component>
      <object_component id="oc-1a4">
         <name>.debug_frame</name>
         <load_address>0x2c4</load_address>
         <run_address>0x2c4</run_address>
         <size>0x3c</size>
         <input_file_ref idref="fl-e5"/>
      </object_component>
      <object_component id="oc-18f">
         <name>.debug_frame</name>
         <load_address>0x300</load_address>
         <run_address>0x300</run_address>
         <size>0x3c</size>
         <input_file_ref idref="fl-e9"/>
      </object_component>
      <object_component id="oc-1ff">
         <name>.debug_frame</name>
         <load_address>0x33c</load_address>
         <run_address>0x33c</run_address>
         <size>0x3c</size>
         <input_file_ref idref="fl-ea"/>
      </object_component>
      <object_component id="oc-248">
         <name>.debug_abbrev</name>
         <load_address>0x0</load_address>
         <run_address>0x0</run_address>
         <size>0x4b</size>
         <input_file_ref idref="fl-2"/>
      </object_component>
      <object_component id="oc-241">
         <name>.debug_abbrev</name>
         <load_address>0x4b</load_address>
         <run_address>0x4b</run_address>
         <size>0x6a</size>
         <input_file_ref idref="fl-2"/>
      </object_component>
      <object_component id="oc-247">
         <name>.debug_abbrev</name>
         <load_address>0xb5</load_address>
         <run_address>0xb5</run_address>
         <size>0x78</size>
         <input_file_ref idref="fl-2"/>
      </object_component>
      <object_component id="oc-1f1">
         <name>.debug_abbrev</name>
         <load_address>0x12d</load_address>
         <run_address>0x12d</run_address>
         <size>0x71</size>
         <input_file_ref idref="fl-2"/>
      </object_component>
      <object_component id="oc-1f6">
         <name>.debug_abbrev</name>
         <load_address>0x19e</load_address>
         <run_address>0x19e</run_address>
         <size>0x63</size>
         <input_file_ref idref="fl-2"/>
      </object_component>
      <object_component id="oc-1f3">
         <name>.debug_abbrev</name>
         <load_address>0x201</load_address>
         <run_address>0x201</run_address>
         <size>0x7a</size>
         <input_file_ref idref="fl-2"/>
      </object_component>
      <object_component id="oc-1ef">
         <name>.debug_abbrev</name>
         <load_address>0x27b</load_address>
         <run_address>0x27b</run_address>
         <size>0x5e</size>
         <input_file_ref idref="fl-2"/>
      </object_component>
      <object_component id="oc-1f0">
         <name>.debug_abbrev</name>
         <load_address>0x2d9</load_address>
         <run_address>0x2d9</run_address>
         <size>0x5e</size>
         <input_file_ref idref="fl-2"/>
      </object_component>
      <object_component id="oc-cc">
         <name>.debug_abbrev</name>
         <load_address>0x337</load_address>
         <run_address>0x337</run_address>
         <size>0x1f</size>
         <input_file_ref idref="fl-2"/>
      </object_component>
      <object_component id="oc-201">
         <name>.debug_abbrev</name>
         <load_address>0x356</load_address>
         <run_address>0x356</run_address>
         <size>0xf2</size>
         <input_file_ref idref="fl-3"/>
      </object_component>
      <object_component id="oc-24c">
         <name>.debug_abbrev</name>
         <load_address>0x448</load_address>
         <run_address>0x448</run_address>
         <size>0x29</size>
         <input_file_ref idref="fl-3"/>
      </object_component>
      <object_component id="oc-200">
         <name>.debug_abbrev</name>
         <load_address>0x471</load_address>
         <run_address>0x471</run_address>
         <size>0x7c</size>
         <input_file_ref idref="fl-3"/>
      </object_component>
      <object_component id="oc-19d">
         <name>.debug_abbrev</name>
         <load_address>0x4ed</load_address>
         <run_address>0x4ed</run_address>
         <size>0x62</size>
         <input_file_ref idref="fl-3"/>
      </object_component>
      <object_component id="oc-205">
         <name>.debug_abbrev</name>
         <load_address>0x54f</load_address>
         <run_address>0x54f</run_address>
         <size>0x49</size>
         <input_file_ref idref="fl-3"/>
      </object_component>
      <object_component id="oc-12c">
         <name>.debug_abbrev</name>
         <load_address>0x598</load_address>
         <run_address>0x598</run_address>
         <size>0x24</size>
         <input_file_ref idref="fl-3"/>
      </object_component>
      <object_component id="oc-20a">
         <name>.debug_abbrev</name>
         <load_address>0x5bc</load_address>
         <run_address>0x5bc</run_address>
         <size>0x33</size>
         <input_file_ref idref="fl-3"/>
      </object_component>
      <object_component id="oc-27d">
         <name>.debug_abbrev</name>
         <load_address>0x5ef</load_address>
         <run_address>0x5ef</run_address>
         <size>0x44</size>
         <input_file_ref idref="fl-4"/>
      </object_component>
      <object_component id="oc-16c">
         <name>.debug_abbrev</name>
         <load_address>0x633</load_address>
         <run_address>0x633</run_address>
         <size>0x52</size>
         <input_file_ref idref="fl-4"/>
      </object_component>
      <object_component id="oc-281">
         <name>.debug_abbrev</name>
         <load_address>0x685</load_address>
         <run_address>0x685</run_address>
         <size>0x69</size>
         <input_file_ref idref="fl-4"/>
      </object_component>
      <object_component id="oc-1e0">
         <name>.debug_abbrev</name>
         <load_address>0x6ee</load_address>
         <run_address>0x6ee</run_address>
         <size>0x35</size>
         <input_file_ref idref="fl-4"/>
      </object_component>
      <object_component id="oc-16f">
         <name>.debug_abbrev</name>
         <load_address>0x723</load_address>
         <run_address>0x723</run_address>
         <size>0x24</size>
         <input_file_ref idref="fl-4"/>
      </object_component>
      <object_component id="oc-284">
         <name>.debug_abbrev</name>
         <load_address>0x747</load_address>
         <run_address>0x747</run_address>
         <size>0x3c</size>
         <input_file_ref idref="fl-c4"/>
      </object_component>
      <object_component id="oc-121">
         <name>.debug_abbrev</name>
         <load_address>0x783</load_address>
         <run_address>0x783</run_address>
         <size>0x3a</size>
         <input_file_ref idref="fl-c9"/>
      </object_component>
      <object_component id="oc-136">
         <name>.debug_abbrev</name>
         <load_address>0x7bd</load_address>
         <run_address>0x7bd</run_address>
         <size>0x28</size>
         <input_file_ref idref="fl-d7"/>
      </object_component>
      <object_component id="oc-11d">
         <name>.debug_abbrev</name>
         <load_address>0x7e5</load_address>
         <run_address>0x7e5</run_address>
         <size>0x29</size>
         <input_file_ref idref="fl-dd"/>
      </object_component>
      <object_component id="oc-14c">
         <name>.debug_abbrev</name>
         <load_address>0x80e</load_address>
         <run_address>0x80e</run_address>
         <size>0x58</size>
         <input_file_ref idref="fl-dd"/>
      </object_component>
      <object_component id="oc-20d">
         <name>.debug_abbrev</name>
         <load_address>0x866</load_address>
         <run_address>0x866</run_address>
         <size>0x45</size>
         <input_file_ref idref="fl-e5"/>
      </object_component>
      <object_component id="oc-24a">
         <name>.debug_abbrev</name>
         <load_address>0x8ab</load_address>
         <run_address>0x8ab</run_address>
         <size>0x35</size>
         <input_file_ref idref="fl-e9"/>
      </object_component>
      <object_component id="oc-1f4">
         <name>.debug_abbrev</name>
         <load_address>0x8e0</load_address>
         <run_address>0x8e0</run_address>
         <size>0x71</size>
         <input_file_ref idref="fl-e9"/>
      </object_component>
      <object_component id="oc-285">
         <name>.debug_abbrev</name>
         <load_address>0x951</load_address>
         <run_address>0x951</run_address>
         <size>0x2e</size>
         <input_file_ref idref="fl-ea"/>
      </object_component>
      <object_component id="oc-24e">
         <name>.debug_abbrev</name>
         <load_address>0x97f</load_address>
         <run_address>0x97f</run_address>
         <size>0x71</size>
         <input_file_ref idref="fl-ea"/>
      </object_component>
      <object_component id="oc-2d7">
         <name>.debug_abbrev</name>
         <load_address>0x9f0</load_address>
         <run_address>0x9f0</run_address>
         <size>0xf</size>
      </object_component>
      <object_component id="oc-ce">
         <name>.debug_str</name>
         <load_address>0x0</load_address>
         <run_address>0x0</run_address>
         <size>0xfd</size>
         <input_file_ref idref="fl-2"/>
      </object_component>
      <object_component id="oc-207">
         <name>.debug_str</name>
         <load_address>0xfd</load_address>
         <run_address>0xfd</run_address>
         <size>0xba</size>
         <input_file_ref idref="fl-3"/>
      </object_component>
      <object_component id="oc-12e">
         <name>.debug_str</name>
         <load_address>0x1b7</load_address>
         <run_address>0x1b7</run_address>
         <size>0xdf</size>
         <input_file_ref idref="fl-3"/>
      </object_component>
      <object_component id="oc-20c">
         <name>.debug_str</name>
         <load_address>0x296</load_address>
         <run_address>0x296</run_address>
         <size>0xf3</size>
         <input_file_ref idref="fl-3"/>
      </object_component>
      <object_component id="oc-283">
         <name>.debug_str</name>
         <load_address>0x389</load_address>
         <run_address>0x389</run_address>
         <size>0x2ad</size>
         <input_file_ref idref="fl-4"/>
      </object_component>
      <object_component id="oc-1e2">
         <name>.debug_str</name>
         <load_address>0x636</load_address>
         <run_address>0x636</run_address>
         <size>0x332</size>
         <input_file_ref idref="fl-4"/>
      </object_component>
      <object_component id="oc-171">
         <name>.debug_str</name>
         <load_address>0x968</load_address>
         <run_address>0x968</run_address>
         <size>0x145</size>
         <input_file_ref idref="fl-4"/>
      </object_component>
      <object_component id="oc-1e6">
         <name>.debug_aranges</name>
         <load_address>0x0</load_address>
         <run_address>0x0</run_address>
         <size>0x20</size>
         <input_file_ref idref="fl-2"/>
      </object_component>
[...]
      <memory_area display="no" color="green">
         <name>RESET</name>
         <page_id>0x0</page_id>
         <origin>0xfffe</origin>
         <length>0x2</length>
         <used_space>0x2</used_space>
         <unused_space>0x0</unused_space>
         <attributes>RWIX</attributes>
         <usage_details>
            <allocated_space>
               <start_address>0xfffe</start_address>
               <size>0x2</size>
               <logical_group_ref idref="lg-32"/>
            </allocated_space>
         </usage_details>
      </memory_area>
   </placement_map>
   <symbol_table>
      <symbol id="sm-1">
         <name>IE1</name>
         <value>0x0</value>
      </symbol>
      <symbol id="sm-2">
         <name>IFG1</name>
         <value>0x2</value>
      </symbol>
      <symbol id="sm-3">
         <name>IE2</name>
         <value>0x1</value>
      </symbol>
      <symbol id="sm-4">
         <name>IFG2</name>
         <value>0x3</value>
      </symbol>
      <symbol id="sm-5">
         <name>ADC10DTC0</name>
         <value>0x48</value>
      </symbol>
      <symbol id="sm-6">
         <name>ADC10DTC1</name>
         <value>0x49</value>
      </symbol>
      <symbol id="sm-7">
         <name>ADC10AE0</name>
         <value>0x4a</value>
      </symbol>
      <symbol id="sm-8">
         <name>ADC10CTL0</name>
         <value>0x1b0</value>
      </symbol>
      <symbol id="sm-9">
         <name>ADC10CTL1</name>
         <value>0x1b2</value>
      </symbol>
      <symbol id="sm-a">
         <name>ADC10MEM</name>
         <value>0x1b4</value>
      </symbol>
      <symbol id="sm-b">
         <name>ADC10SA</name>
         <value>0x1bc</value>
      </symbol>
      <symbol id="sm-c">
         <name>DCOCTL</name>
         <value>0x56</value>
      </symbol>
      <symbol id="sm-d">
         <name>BCSCTL1</name>
         <value>0x57</value>
      </symbol>
      <symbol id="sm-e">
         <name>BCSCTL2</name>
         <value>0x58</value>
      </symbol>
      <symbol id="sm-f">
         <name>BCSCTL3</name>
         <value>0x53</value>
      </symbol>
      <symbol id="sm-10">
         <name>CACTL1</name>
         <value>0x59</value>
      </symbol>
      <symbol id="sm-11">
         <name>CACTL2</name>
         <value>0x5a</value>
      </symbol>
      <symbol id="sm-12">
         <name>CAPD</name>
         <value>0x5b</value>
      </symbol>
      <symbol id="sm-13">
         <name>FCTL1</name>
         <value>0x128</value>
      </symbol>
      <symbol id="sm-14">
         <name>FCTL2</name>
         <value>0x12a</value>
      </symbol>
      <symbol id="sm-15">
         <name>FCTL3</name>
         <value>0x12c</value>
      </symbol>
      <symbol id="sm-16">
         <name>P1IN</name>
         <value>0x20</value>
      </symbol>
      <symbol id="sm-17">
         <name>P1OUT</name>
         <value>0x21</value>
      </symbol>
      <symbol id="sm-18">
         <name>P1DIR</name>
         <value>0x22</value>
      </symbol>
      <symbol id="sm-19">
         <name>P1IFG</name>
         <value>0x23</value>
      </symbol>
      <symbol id="sm-1a">
         <name>P1IES</name>
         <value>0x24</value>
      </symbol>
      <symbol id="sm-1b">
         <name>P1IE</name>
         <value>0x25</value>
      </symbol>
      <symbol id="sm-1c">
         <name>P1SEL</name>
         <value>0x26</value>
      </symbol>
      <symbol id="sm-1d">
         <name>P1SEL2</name>
         <value>0x41</value>
      </symbol>
      <symbol id="sm-1e">
         <name>P1REN</name>
         <value>0x27</value>
      </symbol>
      <symbol id="sm-1f">
         <name>P2IN</name>
         <value>0x28</value>
      </symbol>
      <symbol id="sm-20">
         <name>P2OUT</name>
         <value>0x29</value>
      </symbol>
      <symbol id="sm-21">
         <name>P2DIR</name>
         <value>0x2a</value>
      </symbol>
      <symbol id="sm-22">
         <name>P2IFG</name>
         <value>0x2b</value>
      </symbol>
      <symbol id="sm-23">
         <name>P2IES</name>
         <value>0x2c</value>
      </symbol>
      <symbol id="sm-24">
         <name>P2IE</name>
         <value>0x2d</value>
      </symbol>
      <symbol id="sm-25">
         <name>P2SEL</name>
         <value>0x2e</value>
      </symbol>
      <symbol id="sm-26">
         <name>P2SEL2</name>
         <value>0x42</value>
      </symbol>
      <symbol id="sm-27">
         <name>P2REN</name>
         <value>0x2f</value>
      </symbol>
      <symbol id="sm-28">
         <name>P3IN</name>
         <value>0x18</value>
      </symbol>
      <symbol id="sm-29">
         <name>P3OUT</name>
         <value>0x19</value>
      </symbol>
      <symbol id="sm-2a">
         <name>P3DIR</name>
         <value>0x1a</value>
      </symbol>
      <symbol id="sm-2b">
         <name>P3SEL</name>
         <value>0x1b</value>
      </symbol>
      <symbol id="sm-2c">
         <name>P3SEL2</name>
         <value>0x43</value>
      </symbol>
      <symbol id="sm-2d">
         <name>P3REN</name>
         <value>0x10</value>
      </symbol>
      <symbol id="sm-2e">
         <name>TA0IV</name>
         <value>0x12e</value>
      </symbol>
      <symbol id="sm-2f">
         <name>TA0CTL</name>
         <value>0x160</value>
      </symbol>
      <symbol id="sm-30">
         <name>TA0CCTL0</name>
         <value>0x162</value>
      </symbol>
      <symbol id="sm-31">
         <name>TA0CCTL1</name>
         <value>0x164</value>
      </symbol>
      <symbol id="sm-32">
         <name>TA0CCTL2</name>
         <value>0x166</value>
      </symbol>
      <symbol id="sm-33">
         <name>TA0R</name>
         <value>0x170</value>
      </symbol>
      <symbol id="sm-34">
         <name>TA0CCR0</name>
         <value>0x172</value>
      </symbol>
      <symbol id="sm-35">
         <name>TA0CCR1</name>
         <value>0x174</value>
      </symbol>
      <symbol id="sm-36">
         <name>TA0CCR2</name>
         <value>0x176</value>
      </symbol>
      <symbol id="sm-37">
         <name>TA1IV</name>
         <value>0x11e</value>
      </symbol>
      <symbol id="sm-38">
         <name>TA1CTL</name>
         <value>0x180</value>
      </symbol>
      <symbol id="sm-39">
         <name>TA1CCTL0</name>
         <value>0x182</value>
      </symbol>
      <symbol id="sm-3a">
         <name>TA1CCTL1</name>
         <value>0x184</value>
      </symbol>
      <symbol id="sm-3b">
         <name>TA1CCTL2</name>
         <value>0x186</value>
      </symbol>
      <symbol id="sm-3c">
         <name>TA1R</name>
         <value>0x190</value>
      </symbol>
      <symbol id="sm-3d">
         <name>TA1CCR0</name>
         <value>0x192</value>
      </symbol>
      <symbol id="sm-3e">
         <name>TA1CCR1</name>
         <value>0x194</value>
      </symbol>
      <symbol id="sm-3f">
         <name>TA1CCR2</name>
         <value>0x196</value>
      </symbol>
      <symbol id="sm-40">
         <name>UCA0CTL0</name>
         <value>0x60</value>
      </symbol>
      <symbol id="sm-41">
         <name>UCA0CTL1</name>
         <value>0x61</value>
      </symbol>
      <symbol id="sm-42">
         <name>UCA0BR0</name>
         <value>0x62</value>
      </symbol>
      <symbol id="sm-43">
         <name>UCA0BR1</name>
         <value>0x63</value>
      </symbol>
      <symbol id="sm-44">
         <name>UCA0MCTL</name>
         <value>0x64</value>
      </symbol>
      <symbol id="sm-45">
         <name>UCA0STAT</name>
         <value>0x65</value>
      </symbol>
      <symbol id="sm-46">
         <name>UCA0RXBUF</name>
         <value>0x66</value>
      </symbol>
      <symbol id="sm-47">
         <name>UCA0TXBUF</name>
         <value>0x67</value>
      </symbol>
      <symbol id="sm-48">
         <name>UCA0ABCTL</name>
         <value>0x5d</value>
      </symbol>
      <symbol id="sm-49">
         <name>UCA0IRTCTL</name>
         <value>0x5e</value>
      </symbol>
      <symbol id="sm-4a">
         <name>UCA0IRRCTL</name>
         <value>0x5f</value>
      </symbol>
      <symbol id="sm-4b">
         <name>UCB0CTL0</name>
         <value>0x68</value>
      </symbol>
      <symbol id="sm-4c">
         <name>UCB0CTL1</name>
         <value>0x69</value>
      </symbol>
      <symbol id="sm-4d">
         <name>UCB0BR0</name>
         <value>0x6a</value>
      </symbol>
      <symbol id="sm-4e">
         <name>UCB0BR1</name>
         <value>0x6b</value>
      </symbol>
      <symbol id="sm-4f">
         <name>UCB0I2CIE</name>
         <value>0x6c</value>
      </symbol>
      <symbol id="sm-50">
         <name>UCB0STAT</name>
         <value>0x6d</value>
      </symbol>
      <symbol id="sm-51">
         <name>UCB0RXBUF</name>
         <value>0x6e</value>
      </symbol>
      <symbol id="sm-52">
         <name>UCB0TXBUF</name>
         <value>0x6f</value>
      </symbol>
      <symbol id="sm-53">
         <name>UCB0I2COA</name>
         <value>0x118</value>
      </symbol>
      <symbol id="sm-54">
         <name>UCB0I2CSA</name>
         <value>0x11a</value>
      </symbol>
      <symbol id="sm-55">
         <name>WDTCTL</name>
         <value>0x120</value>
      </symbol>
      <symbol id="sm-56">
         <name>CALDCO_16MHZ</name>
         <value>0x10f8</value>
      </symbol>
      <symbol id="sm-57">
         <name>CALBC1_16MHZ</name>
         <value>0x10f9</value>
      </symbol>
      <symbol id="sm-58">
         <name>CALDCO_12MHZ</name>
         <value>0x10fa</value>
      </symbol>
      <symbol id="sm-59">
         <name>CALBC1_12MHZ</name>
         <value>0x10fb</value>
      </symbol>
      <symbol id="sm-5a">
         <name>CALDCO_8MHZ</name>
         <value>0x10fc</value>
      </symbol>
      <symbol id="sm-5b">
         <name>CALBC1_8MHZ</name>
         <value>0x10fd</value>
      </symbol>
      <symbol id="sm-5c">
         <name>CALDCO_1MHZ</name>
         <value>0x10fe</value>
      </symbol>
      <symbol id="sm-5d">
         <name>CALBC1_1MHZ</name>
         <value>0x10ff</value>
      </symbol>
      <symbol id="sm-5e">
         <name>TLV_CHECKSUM</name>
         <value>0x10c0</value>
      </symbol>
      <symbol id="sm-5f">
         <name>TLV_DCO_30_TAG</name>
         <value>0x10f6</value>
      </symbol>
      <symbol id="sm-60">
         <name>TLV_DCO_30_LEN</name>
         <value>0x10f7</value>
      </symbol>
      <symbol id="sm-61">
         <name>TLV_ADC10_1_TAG</name>
         <value>0x10da</value>
      </symbol>
      <symbol id="sm-62">
         <name>TLV_ADC10_1_LEN</name>
         <value>0x10db</value>
      </symbol>
      <symbol id="sm-63">
         <name>__TI_CINIT_Base</name>
         <value>0xc000</value>
      </symbol>
      <symbol id="sm-64">
         <name>__TI_CINIT_Limit</name>
         <value>0xc000</value>
      </symbol>
      <symbol id="sm-65">
         <name>__TI_CINIT_Warm</name>
         <value>0xc000</value>
      </symbol>
      <symbol id="sm-66">
         <name>__STACK_SIZE</name>
         <value>0x50</value>
      </symbol>
      <symbol id="sm-67">
         <name>__STACK_END</name>
         <value>0x400</value>
      </symbol>
      <symbol id="sm-68">
         <name>__c_args__</name>
         <value>0xffffffff</value>
      </symbol>
      <symbol id="sm-69">
         <name>__TI_pprof_out_hndl</name>
         <value>0xffffffff</value>
      </symbol>
      <symbol id="sm-6a">
         <name>__TI_prof_data_start</name>
         <value>0xffffffff</value>
      </symbol>
      <symbol id="sm-6b">
         <name>__TI_prof_data_size</name>
         <value>0xffffffff</value>
      </symbol>
      <symbol id="sm-e9">
         <name>lcd_clear</name>
         <value>0xc2f0</value>
         <object_component_ref idref="oc-178"/>
      </symbol>
      <symbol id="sm-ea">
         <name>lcd_print</name>
         <value>0xc308</value>
         <object_component_ref idref="oc-185"/>
      </symbol>
      <symbol id="sm-eb">
         <name>lcd_init</name>
         <value>0xc186</value>
         <object_component_ref idref="oc-172"/>
      </symbol>
      <symbol id="sm-ec">
         <name>lcd_putc</name>
         <value>0xc3a0</value>
         <object_component_ref idref="oc-191"/>
      </symbol>
      <symbol id="sm-ed">
         <name>lcd_set_cursor</name>
         <value>0xc320</value>
         <object_component_ref idref="oc-17e"/>
      </symbol>
      <symbol id="sm-151">
         <name>morse_to_char</name>
         <value>0xc292</value>
         <object_component_ref idref="oc-197"/>
      </symbol>
      <symbol id="sm-152">
         <name>main</name>
         <value>0xc000</value>
         <object_component_ref idref="oc-145"/>
      </symbol>
      <symbol id="sm-153">
         <name>morseTable</name>
         <value>0xc474</value>
         <object_component_ref idref="oc-1f7"/>
      </symbol>
      <symbol id="sm-16e">
         <name>_system_pre_init</name>
         <value>0xc388</value>
         <object_component_ref idref="oc-13f"/>
      </symbol>
      <symbol id="sm-21c">
         <name>__mspabi_srai</name>
         <value>0xc2c4</value>
         <object_component_ref idref="oc-242"/>
      </symbol>
      <symbol id="sm-21d">
         <name>__mspabi_srai_8</name>
         <value>0xc2de</value>
         <object_component_ref idref="oc-242"/>
      </symbol>
      <symbol id="sm-21e">
         <name>__mspabi_srai_9</name>
         <value>0xc2dc</value>
         <object_component_ref idref="oc-242"/>
      </symbol>
      <symbol id="sm-21f">
         <name>__mspabi_srai_6</name>
         <value>0xc2e2</value>
         <object_component_ref idref="oc-242"/>
      </symbol>
      <symbol id="sm-220">
         <name>__mspabi_srai_7</name>
         <value>0xc2e0</value>
         <object_component_ref idref="oc-242"/>
      </symbol>
      <symbol id="sm-221">
         <name>__mspabi_srai_4</name>
         <value>0xc2e6</value>
         <object_component_ref idref="oc-242"/>
      </symbol>
      <symbol id="sm-222">
         <name>__mspabi_srai_5</name>
         <value>0xc2e4</value>
         <object_component_ref idref="oc-242"/>
      </symbol>
      <symbol id="sm-223">
         <name>__mspabi_srai_2</name>
         <value>0xc2ea</value>
         <object_component_ref idref="oc-242"/>
      </symbol>
      <symbol id="sm-224">
         <name>__mspabi_srai_3</name>
         <value>0xc2e8</value>
         <object_component_ref idref="oc-242"/>
      </symbol>
      <symbol id="sm-225">
         <name>__mspabi_srai_1</name>
         <value>0xc2ec</value>
         <object_component_ref idref="oc-242"/>
      </symbol>
      <symbol id="sm-226">
         <name>__mspabi_srai_15</name>
         <value>0xc2d0</value>
         <object_component_ref idref="oc-242"/>
      </symbol>
      <symbol id="sm-227">
         <name>__mspabi_srai_14</name>
         <value>0xc2d2</value>
         <object_component_ref idref="oc-242"/>
      </symbol>
      <symbol id="sm-228">
         <name>__mspabi_srai_13</name>
         <value>0xc2d4</value>
         <object_component_ref idref="oc-242"/>
      </symbol>
      <symbol id="sm-229">
         <name>__mspabi_srai_12</name>
         <value>0xc2d6</value>
         <object_component_ref idref="oc-242"/>
      </symbol>
      <symbol id="sm-22a">
         <name>__mspabi_srai_11</name>
         <value>0xc2d8</value>
         <object_component_ref idref="oc-242"/>
      </symbol>
      <symbol id="sm-22b">
         <name>__mspabi_srai_10</name>
         <value>0xc2da</value>
         <object_component_ref idref="oc-242"/>
      </symbol>
      <symbol id="sm-238">
         <name>__mspabi_func_epilog_2</name>
         <value>0xc382</value>
         <object_component_ref idref="oc-bf"/>
      </symbol>
      <symbol id="sm-239">
         <name>__mspabi_func_epilog_3</name>
         <value>0xc380</value>
         <object_component_ref idref="oc-bf"/>
      </symbol>
      <symbol id="sm-23a">
         <name>__mspabi_func_epilog_1</name>
         <value>0xc384</value>
         <object_component_ref idref="oc-bf"/>
      </symbol>
      <symbol id="sm-23b">
         <name>__mspabi_func_epilog_6</name>
         <value>0xc37a</value>
         <object_component_ref idref="oc-bf"/>
      </symbol>
      <symbol id="sm-23c">
         <name>__mspabi_func_epilog_7</name>
         <value>0xc378</value>
         <object_component_ref idref="oc-bf"/>
      </symbol>
      <symbol id="sm-23d">
         <name>__mspabi_func_epilog_4</name>
         <value>0xc37e</value>
         <object_component_ref idref="oc-bf"/>
      </symbol>
      <symbol id="sm-23e">
         <name>__mspabi_func_epilog_5</name>
         <value>0xc37c</value>
         <object_component_ref idref="oc-bf"/>
      </symbol>
      <symbol id="sm-241">
         <name>__TI_int00</name>
         <value>0xffe0</value>
         <object_component_ref idref="oc-40"/>
      </symbol>
      <symbol id="sm-244">
         <name>__TI_int02</name>
         <value>0xffe4</value>
         <object_component_ref idref="oc-41"/>
      </symbol>
      <symbol id="sm-247">
         <name>__TI_int03</name>
         <value>0xffe6</value>
         <object_component_ref idref="oc-42"/>
      </symbol>
      <symbol id="sm-24a">
         <name>__TI_int05</name>
         <value>0xffea</value>
         <object_component_ref idref="oc-43"/>
      </symbol>
      <symbol id="sm-24d">
         <name>__TI_int06</name>
         <value>0xffec</value>
         <object_component_ref idref="oc-44"/>
      </symbol>
      <symbol id="sm-250">
         <name>__TI_int07</name>
         <value>0xffee</value>
         <object_component_ref idref="oc-45"/>
      </symbol>
      <symbol id="sm-253">
         <name>__TI_int08</name>
         <value>0xfff0</value>
         <object_component_ref idref="oc-46"/>
      </symbol>
      <symbol id="sm-256">
         <name>__TI_int09</name>
         <value>0xfff2</value>
         <object_component_ref idref="oc-47"/>
      </symbol>
      <symbol id="sm-259">
         <name>__TI_int10</name>
         <value>0xfff4</value>
         <object_component_ref idref="oc-48"/>
      </symbol>
      <symbol id="sm-25c">
         <name>__TI_int11</name>
         <value>0xfff6</value>
         <object_component_ref idref="oc-49"/>
      </symbol>
      <symbol id="sm-25f">
         <name>__TI_int12</name>
         <value>0xfff8</value>
         <object_component_ref idref="oc-4a"/>
      </symbol>
      <symbol id="sm-262">
         <name>__TI_int13</name>
         <value>0xfffa</value>
         <object_component_ref idref="oc-4b"/>
      </symbol>
      <symbol id="sm-265">
         <name>__TI_int14</name>
         <value>0xfffc</value>
         <object_component_ref idref="oc-4c"/>
      </symbol>
      <symbol id="sm-26d">
         <name>__TI_ISR_TRAP</name>
         <value>0xc392</value>
         <object_component_ref idref="oc-dc"/>
      </symbol>
      <symbol id="sm-281">
         <name>_c_int00_noinit_noargs</name>
         <value>0xc350</value>
         <object_component_ref idref="oc-ed"/>
      </symbol>
      <symbol id="sm-282">
         <name>_stack</name>
         <value>0x3b0</value>
         <object_component_ref idref="oc-b1"/>
      </symbol>
      <symbol id="sm-283">
         <name>_reset_vector</name>
         <value>0xfffe</value>
         <object_component_ref idref="oc-b4"/>
      </symbol>
      <symbol id="sm-294">
         <name>C$$EXIT</name>
         <value>0xc39a</value>
         <object_component_ref idref="oc-19f"/>
      </symbol>
      <symbol id="sm-295">
         <name>abort</name>
         <value>0xc39a</value>
         <object_component_ref idref="oc-19f"/>
      </symbol>
      <symbol id="sm-2a6">
         <name>memset</name>
         <value>0xc364</value>
         <object_component_ref idref="oc-18b"/>
      </symbol>
      <symbol id="sm-2b4">
         <name>strcmp</name>
         <value>0xc338</value>
         <object_component_ref idref="oc-1fa"/>
      </symbol>
   </symbol_table>
   <title>Link successful</title>
</link_info>
